Archive member included to satisfy reference by file (symbol)

app/libapp.a(main.c.obj)      (--whole-archive)
zephyr/libzephyr.a(cbprintf.c.obj)
                              (--whole-archive)
zephyr/libzephyr.a(crc32_sw.c.obj)
                              (--whole-archive)
zephyr/libzephyr.a(crc16_sw.c.obj)
                              (--whole-archive)
zephyr/libzephyr.a(crc8_sw.c.obj)
                              (--whole-archive)
zephyr/libzephyr.a(crc7_sw.c.obj)
                              (--whole-archive)
zephyr/libzephyr.a(dec.c.obj)
                              (--whole-archive)
zephyr/libzephyr.a(fdtable.c.obj)
                              (--whole-archive)
zephyr/libzephyr.a(hex.c.obj)
                              (--whole-archive)
zephyr/libzephyr.a(mempool.c.obj)
                              (--whole-archive)
zephyr/libzephyr.a(notify.c.obj)
                              (--whole-archive)
zephyr/libzephyr.a(printk.c.obj)
                              (--whole-archive)
zephyr/libzephyr.a(onoff.c.obj)
                              (--whole-archive)
zephyr/libzephyr.a(rb.c.obj)  (--whole-archive)
zephyr/libzephyr.a(sem.c.obj)
                              (--whole-archive)
zephyr/libzephyr.a(thread_entry.c.obj)
                              (--whole-archive)
zephyr/libzephyr.a(timeutil.c.obj)
                              (--whole-archive)
zephyr/libzephyr.a(work_q.c.obj)
                              (--whole-archive)
zephyr/libzephyr.a(heap.c.obj)
                              (--whole-archive)
zephyr/libzephyr.a(heap-validate.c.obj)
                              (--whole-archive)
zephyr/libzephyr.a(cbprintf_complete.c.obj)
                              (--whole-archive)
zephyr/libzephyr.a(configs.c.obj)
                              (--whole-archive)
zephyr/libzephyr.a(validate_base_addresses.c.obj)
                              (--whole-archive)
zephyr/libzephyr.a(validate_enabled_instances.c.obj)
                              (--whole-archive)
zephyr/libzephyr.a(power.c.obj)
                              (--whole-archive)
zephyr/libzephyr.a(reboot.c.obj)
                              (--whole-archive)
zephyr/libzephyr.a(policy_residency.c.obj)
                              (--whole-archive)
zephyr/libzephyr.a(uart_console.c.obj)
                              (--whole-archive)
zephyr/libzephyr.a(clock_control_nrf.c.obj)
                              (--whole-archive)
zephyr/libzephyr.a(sys_clock_init.c.obj)
                              (--whole-archive)
zephyr/libzephyr.a(nrf_rtc_timer.c.obj)
                              (--whole-archive)
zephyr/libzephyr.a(SEGGER_RTT.c.obj)
                              (--whole-archive)
zephyr/libzephyr.a(SEGGER_RTT_zephyr.c.obj)
                              (--whole-archive)
zephyr/arch/common/libarch__common.a(sw_isr_common.c.obj)
                              (--whole-archive)
zephyr/arch/arch/arm/core/aarch32/libarch__arm__core__aarch32.a(swap.c.obj)
                              (--whole-archive)
zephyr/arch/arch/arm/core/aarch32/libarch__arm__core__aarch32.a(irq_manage.c.obj)
                              (--whole-archive)
zephyr/arch/arch/arm/core/aarch32/libarch__arm__core__aarch32.a(thread.c.obj)
                              (--whole-archive)
zephyr/arch/arch/arm/core/aarch32/libarch__arm__core__aarch32.a(fatal.c.obj)
                              (--whole-archive)
zephyr/arch/arch/arm/core/aarch32/libarch__arm__core__aarch32.a(nmi.c.obj)
                              (--whole-archive)
zephyr/arch/arch/arm/core/aarch32/libarch__arm__core__aarch32.a(prep_c.c.obj)
                              (--whole-archive)
zephyr/arch/arch/arm/core/aarch32/libarch__arm__core__aarch32.a(swap_helper.S.obj)
                              (--whole-archive)
zephyr/arch/arch/arm/core/aarch32/libarch__arm__core__aarch32.a(cpu_idle.S.obj)
                              (--whole-archive)
zephyr/arch/arch/arm/core/aarch32/libarch__arm__core__aarch32.a(nmi_on_reset.S.obj)
                              (--whole-archive)
zephyr/arch/arch/arm/core/aarch32/libarch__arm__core__aarch32.a(isr_wrapper.S.obj)
                              (--whole-archive)
zephyr/arch/arch/arm/core/aarch32/cortex_m/libarch__arm__core__aarch32__cortex_m.a(vector_table.S.obj)
                              (--whole-archive)
zephyr/arch/arch/arm/core/aarch32/cortex_m/libarch__arm__core__aarch32__cortex_m.a(reset.S.obj)
                              (--whole-archive)
zephyr/arch/arch/arm/core/aarch32/cortex_m/libarch__arm__core__aarch32__cortex_m.a(fault_s.S.obj)
                              (--whole-archive)
zephyr/arch/arch/arm/core/aarch32/cortex_m/libarch__arm__core__aarch32__cortex_m.a(exc_exit.S.obj)
                              (--whole-archive)
zephyr/arch/arch/arm/core/aarch32/cortex_m/libarch__arm__core__aarch32__cortex_m.a(fault.c.obj)
                              (--whole-archive)
zephyr/arch/arch/arm/core/aarch32/cortex_m/libarch__arm__core__aarch32__cortex_m.a(scb.c.obj)
[...]
Memory Configuration

Name             Origin             Length             Attributes
FLASH            0x0000000000000000 0x0000000000080000 xr
SRAM             0x0000000020000000 0x0000000000010000 xw
IDT_LIST         0x0000000020010000 0x0000000000000800 xw
*default*        0x0000000000000000 0xffffffffffffffff

Linker script and memory map

LOAD zephyr/CMakeFiles/zephyr_final.dir/misc/empty_file.c.obj
LOAD zephyr/CMakeFiles/zephyr_final.dir/isr_tables.c.obj
                0x0000000000000020                _region_min_align = 0x20

.rel.plt        0x0000000000000000        0x0
 *(SORT_BY_ALIGNMENT(.rel.plt))
                [!provide]                        PROVIDE (__rel_iplt_start = .)
 *(SORT_BY_ALIGNMENT(.rel.iplt))
 .rel.iplt      0x0000000000000000        0x0 zephyr/CMakeFiles/zephyr_final.dir/isr_tables.c.obj
                [!provide]                        PROVIDE (__rel_iplt_end = .)

.rela.plt       0x0000000000000000        0x0
 *(SORT_BY_ALIGNMENT(.rela.plt))
                [!provide]                        PROVIDE (__rela_iplt_start = .)
 *(SORT_BY_ALIGNMENT(.rela.iplt))
                [!provide]                        PROVIDE (__rela_iplt_end = .)

.rel.dyn
 *(SORT_BY_ALIGNMENT(.rel.*))

.rela.dyn
 *(SORT_BY_ALIGNMENT(.rela.*))

/DISCARD/
 *(SORT_BY_ALIGNMENT(.plt))
 *(SORT_BY_ALIGNMENT(.iplt))
 *(SORT_BY_ALIGNMENT(.got.plt))
 *(SORT_BY_ALIGNMENT(.igot.plt))
 *(SORT_BY_ALIGNMENT(.got))
 *(SORT_BY_ALIGNMENT(.igot))
 *(SORT_BY_ALIGNMENT(.irq_info*))
 *(SORT_BY_ALIGNMENT(.intList*))
 *(SORT_BY_ALIGNMENT(.note.GNU-stack))
                0x0000000000000000                _image_rom_start = 0x0

rom_start       0x0000000000000000       0xdc
                0x0000000000000000                . = 0x0
                0x0000000000000000                . = ALIGN (0x4)
                0x0000000000000000                . = ALIGN (0x80)
                0x0000000000000000                . = ALIGN (0x100)
                0x0000000000000000                _vector_start = .
 *(SORT_BY_ALIGNMENT(.exc_vector_table))
 *(SORT_BY_ALIGNMENT(.exc_vector_table.*))
 .exc_vector_table._vector_table_section
                0x0000000000000000       0x40 zephyr/arch/arch/arm/core/aarch32/cortex_m/libarch__arm__core__aarch32__cortex_m.a(vector_table.S.obj)
                0x0000000000000000                _vector_table
 *(SORT_BY_ALIGNMENT(.gnu.linkonce.irq_vector_table*))
 .gnu.linkonce.irq_vector_table*
                0x0000000000000040       0x9c zephyr/CMakeFiles/zephyr_final.dir/isr_tables.c.obj
                0x0000000000000040                _irq_vector_table
 *(SORT_BY_ALIGNMENT(.vectors))
                0x00000000000000dc                _vector_end = .
 *(SORT_BY_ALIGNMENT(.openocd_dbg))
 *(SORT_BY_ALIGNMENT(.openocd_dbg.*))

text            0x00000000000000dc     0x4818
                0x00000000000000dc                _image_text_start = .
 *(SORT_BY_ALIGNMENT(.text))
 .text          0x00000000000000dc      0x21c /opt/gnuarmemb/bin/../lib/gcc/arm-none-eabi/9.2.1/thumb/v7e-m/nofp/libgcc.a(_arm_addsubsf3.o)
                0x00000000000000dc                __aeabi_frsub
                0x00000000000000e4                __subsf3
                0x00000000000000e4                __aeabi_fsub
                0x00000000000000e8                __aeabi_fadd
                0x00000000000000e8                __addsf3
                0x0000000000000248                __aeabi_ui2f
                0x0000000000000248                __floatunsisf
                0x0000000000000250                __aeabi_i2f
                0x0000000000000250                __floatsisf
                0x000000000000026c                __floatundisf
                0x000000000000026c                __aeabi_ul2f
                0x000000000000027c                __floatdisf
                0x000000000000027c                __aeabi_l2f
 .text          0x00000000000002f8      0x2a0 /opt/gnuarmemb/bin/../lib/gcc/arm-none-eabi/9.2.1/thumb/v7e-m/nofp/libgcc.a(_arm_muldivsf3.o)
                0x00000000000002f8                __mulsf3
                0x00000000000002f8                __aeabi_fmul
                0x0000000000000460                __divsf3
                0x0000000000000460                __aeabi_fdiv
 .text          0x0000000000000598       0x4c /opt/gnuarmemb/bin/../lib/gcc/arm-none-eabi/9.2.1/thumb/v7e-m/nofp/libgcc.a(_arm_fixsfsi.o)
                0x0000000000000598                __fixsfsi
                0x0000000000000598                __aeabi_f2iz
 .text          0x00000000000005e4       0x30 /opt/gnuarmemb/bin/../lib/gcc/arm-none-eabi/9.2.1/thumb/v7e-m/nofp/libgcc.a(_aeabi_uldivmod.o)
                0x00000000000005e4                __aeabi_uldivmod
 .text          0x0000000000000614      0x2c0 /opt/gnuarmemb/bin/../lib/gcc/arm-none-eabi/9.2.1/thumb/v7e-m/nofp/libgcc.a(_udivmoddi4.o)
                0x0000000000000614                __udivmoddi4
 .text          0x00000000000008d4        0x4 /opt/gnuarmemb/bin/../lib/gcc/arm-none-eabi/9.2.1/thumb/v7e-m/nofp/libgcc.a(_dvmd_tls.o)
                0x00000000000008d4                __aeabi_ldiv0
                0x00000000000008d4                __aeabi_idiv0
 *(SORT_BY_ALIGNMENT(.text.*))
 .text.main     0x00000000000008d8      0x114 app/libapp.a(main.c.obj)
                0x00000000000008d8                main
 .text.char_out
                0x00000000000009ec       0x10 zephyr/libzephyr.a(printk.c.obj)
 .text.__printk_hook_install
                0x00000000000009fc        0xc zephyr/libzephyr.a(printk.c.obj)
                0x00000000000009fc                __printk_hook_install
 .text.vprintk  0x0000000000000a08       0x1c zephyr/libzephyr.a(printk.c.obj)
                0x0000000000000a08                vprintk
 .text.process_event
                0x0000000000000a24      0x1cc zephyr/libzephyr.a(onoff.c.obj)
 .text.extract_conversion
                0x0000000000000bf0      0x2b0 zephyr/libzephyr.a(cbprintf_complete.c.obj)
 .text.cbvprintf
                0x0000000000000ea0      0x408 zephyr/libzephyr.a(cbprintf_complete.c.obj)
                0x0000000000000ea0                cbvprintf
 .text.uart_console_init
                0x00000000000012a8       0x2c zephyr/libzephyr.a(uart_console.c.obj)
 .text.console_out
                0x00000000000012d4       0x28 zephyr/libzephyr.a(uart_console.c.obj)
 .text.onoff_stop
                0x00000000000012fc       0x48 zephyr/libzephyr.a(clock_control_nrf.c.obj)
 .text.onoff_start
                0x0000000000001344       0x58 zephyr/libzephyr.a(clock_control_nrf.c.obj)
 .text.clk_init
                0x000000000000139c       0x60 zephyr/libzephyr.a(clock_control_nrf.c.obj)
 .text.clkstarted_handle.constprop.0
                0x00000000000013fc       0x34 zephyr/libzephyr.a(clock_control_nrf.c.obj)
 .text.clock_event_handler
                0x0000000000001430       0x1c zephyr/libzephyr.a(clock_control_nrf.c.obj)
 .text.generic_hfclk_start
                0x000000000000144c       0x64 zephyr/libzephyr.a(clock_control_nrf.c.obj)
 .text.lfclk_start
                0x00000000000014b0       0x24 zephyr/libzephyr.a(clock_control_nrf.c.obj)
 .text.generic_hfclk_stop
                0x00000000000014d4       0x2c zephyr/libzephyr.a(clock_control_nrf.c.obj)
 .text.api_blocking_start
                0x0000000000001500       0x34 zephyr/libzephyr.a(clock_control_nrf.c.obj)
 .text.z_nrf_clock_control_lf_on
                0x0000000000001534      0x10c zephyr/libzephyr.a(clock_control_nrf.c.obj)
                0x0000000000001534                z_nrf_clock_control_lf_on
 .text.handle_next_cycle_case
                0x0000000000001640       0x28 zephyr/libzephyr.a(nrf_rtc_timer.c.obj)
 .text.rtc_nrf_isr
                0x0000000000001668       0x2c zephyr/libzephyr.a(nrf_rtc_timer.c.obj)
                0x0000000000001668                rtc_nrf_isr
 .text.z_clock_driver_init
                0x0000000000001694       0x54 zephyr/libzephyr.a(nrf_rtc_timer.c.obj)
                0x0000000000001694                z_clock_driver_init
 .text.z_clock_set_timeout
                0x00000000000016e8       0xcc zephyr/libzephyr.a(nrf_rtc_timer.c.obj)
                0x00000000000016e8                z_clock_set_timeout
 .text.z_clock_elapsed
                0x00000000000017b4       0x34 zephyr/libzephyr.a(nrf_rtc_timer.c.obj)
                0x00000000000017b4                z_clock_elapsed
 .text._DoInit  0x00000000000017e8       0x60 zephyr/libzephyr.a(SEGGER_RTT.c.obj)
 .text.arch_swap
                0x0000000000001848       0x34 zephyr/arch/arch/arm/core/aarch32/libarch__arm__core__aarch32.a(swap.c.obj)
                0x0000000000001848                arch_swap
 .text.arch_irq_enable
                0x000000000000187c       0x20 zephyr/arch/arch/arm/core/aarch32/libarch__arm__core__aarch32.a(irq_manage.c.obj)
                0x000000000000187c                arch_irq_enable
 .text.arch_irq_is_enabled
                0x000000000000189c       0x1c zephyr/arch/arch/arm/core/aarch32/libarch__arm__core__aarch32.a(irq_manage.c.obj)
                0x000000000000189c                arch_irq_is_enabled
 .text.z_arm_irq_priority_set
                0x00000000000018b8       0x30 zephyr/arch/arch/arm/core/aarch32/libarch__arm__core__aarch32.a(irq_manage.c.obj)
                0x00000000000018b8                z_arm_irq_priority_set
 .text.arch_new_thread
                0x00000000000018e8       0x38 zephyr/arch/arch/arm/core/aarch32/libarch__arm__core__aarch32.a(thread.c.obj)
                0x00000000000018e8                arch_new_thread
 .text.z_check_thread_stack_fail
                0x0000000000001920       0x34 zephyr/arch/arch/arm/core/aarch32/libarch__arm__core__aarch32.a(thread.c.obj)
                0x0000000000001920                z_check_thread_stack_fail
 .text.arch_switch_to_main_thread
                0x0000000000001954       0x34 zephyr/arch/arch/arm/core/aarch32/libarch__arm__core__aarch32.a(thread.c.obj)
                0x0000000000001954                arch_switch_to_main_thread
 .text.z_arm_prep_c
                0x0000000000001988       0x44 zephyr/arch/arch/arm/core/aarch32/libarch__arm__core__aarch32.a(prep_c.c.obj)
                0x0000000000001988                z_arm_prep_c
 .text.z_arm_pendsv
                0x00000000000019cc       0x54 zephyr/arch/arch/arm/core/aarch32/libarch__arm__core__aarch32.a(swap_helper.S.obj)
                0x00000000000019cc                z_arm_pendsv
 .text.z_arm_svc
                0x0000000000001a20       0x20 zephyr/arch/arch/arm/core/aarch32/libarch__arm__core__aarch32.a(swap_helper.S.obj)
                0x0000000000001a20                z_arm_svc
 .text.z_arm_cpu_idle_init
                0x0000000000001a40        0xc zephyr/arch/arch/arm/core/aarch32/libarch__arm__core__aarch32.a(cpu_idle.S.obj)
                0x0000000000001a40                z_arm_cpu_idle_init
 .text.arch_cpu_idle
                0x0000000000001a4c       0x1c zephyr/arch/arch/arm/core/aarch32/libarch__arm__core__aarch32.a(cpu_idle.S.obj)
                0x0000000000001a4c                arch_cpu_idle
 .text.arch_cpu_atomic_idle
                0x0000000000001a68       0x14 zephyr/arch/arch/arm/core/aarch32/libarch__arm__core__aarch32.a(cpu_idle.S.obj)
                0x0000000000001a68                arch_cpu_atomic_idle
 .text.z_SysNmiOnReset
                0x0000000000001a7c        0x8 zephyr/arch/arch/arm/core/aarch32/libarch__arm__core__aarch32.a(nmi_on_reset.S.obj)
                0x0000000000001a7c                z_SysNmiOnReset
 .text._isr_wrapper
                0x0000000000001a84       0x40 zephyr/arch/arch/arm/core/aarch32/libarch__arm__core__aarch32.a(isr_wrapper.S.obj)
                0x0000000000001a84                _isr_wrapper
 .text._reset_section
                0x0000000000001ac4       0x30 zephyr/arch/arch/arm/core/aarch32/cortex_m/libarch__arm__core__aarch32__cortex_m.a(reset.S.obj)
                0x0000000000001ac4                z_arm_reset
                0x0000000000001ac4                __start
 .text.__fault  0x0000000000001af4       0x14 zephyr/arch/arch/arm/core/aarch32/cortex_m/libarch__arm__core__aarch32__cortex_m.a(fault_s.S.obj)
                0x0000000000001af4                z_arm_bus_fault
                0x0000000000001af4                z_arm_usage_fault
                0x0000000000001af4                z_arm_mpu_fault
                0x0000000000001af4                z_arm_exc_spurious
                0x0000000000001af4                z_arm_debug_monitor
                0x0000000000001af4                z_arm_hard_fault
 .text._HandlerModeExit
                0x0000000000001b08       0x1c zephyr/arch/arch/arm/core/aarch32/cortex_m/libarch__arm__core__aarch32__cortex_m.a(exc_exit.S.obj)
                0x0000000000001b08                z_arm_exc_exit
                0x0000000000001b08                z_arm_int_exit
 .text.mem_manage_fault
                0x0000000000001b24       0x64 zephyr/arch/arch/arm/core/aarch32/cortex_m/libarch__arm__core__aarch32__cortex_m.a(fault.c.obj)
 .text.bus_fault.isra.0
                0x0000000000001b88       0x3c zephyr/arch/arch/arm/core/aarch32/cortex_m/libarch__arm__core__aarch32__cortex_m.a(fault.c.obj)
 .text.usage_fault.isra.0
                0x0000000000001bc4       0x24 zephyr/arch/arch/arm/core/aarch32/cortex_m/libarch__arm__core__aarch32__cortex_m.a(fault.c.obj)
 .text.z_arm_fault
                0x0000000000001be8       0xec zephyr/arch/arch/arm/core/aarch32/cortex_m/libarch__arm__core__aarch32__cortex_m.a(fault.c.obj)
                0x0000000000001be8                z_arm_fault
 .text.z_arm_fault_init
                0x0000000000001cd4       0x10 zephyr/arch/arch/arm/core/aarch32/cortex_m/libarch__arm__core__aarch32__cortex_m.a(fault.c.obj)
                0x0000000000001cd4                z_arm_fault_init
 .text.z_arm_interrupt_init
                0x0000000000001ce4       0x18 zephyr/arch/arch/arm/core/aarch32/cortex_m/libarch__arm__core__aarch32__cortex_m.a(irq_init.c.obj)
                0x0000000000001ce4                z_arm_interrupt_init
 .text.z_impl_k_thread_abort
                0x0000000000001cfc       0x44 zephyr/arch/arch/arm/core/aarch32/cortex_m/libarch__arm__core__aarch32__cortex_m.a(thread_abort.c.obj)
                0x0000000000001cfc                z_impl_k_thread_abort
 .text.z_arm_configure_static_mpu_regions
                0x0000000000001d40       0x38 zephyr/arch/arch/arm/core/aarch32/cortex_m/mpu/libarch__arm__core__aarch32__cortex_m__mpu.a(arm_core_mpu.c.obj)
                0x0000000000001d40                z_arm_configure_static_mpu_regions
 .text.z_arm_configure_dynamic_mpu_regions
                0x0000000000001d78       0x28 zephyr/arch/arch/arm/core/aarch32/cortex_m/mpu/libarch__arm__core__aarch32__cortex_m__mpu.a(arm_core_mpu.c.obj)
                0x0000000000001d78                z_arm_configure_dynamic_mpu_regions
 .text.mpu_configure_regions
                0x0000000000001da0       0x8c zephyr/arch/arch/arm/core/aarch32/cortex_m/mpu/libarch__arm__core__aarch32__cortex_m__mpu.a(arm_mpu.c.obj)
 .text.arm_core_mpu_enable
                0x0000000000001e2c       0x14 zephyr/arch/arch/arm/core/aarch32/cortex_m/mpu/libarch__arm__core__aarch32__cortex_m__mpu.a(arm_mpu.c.obj)
                0x0000000000001e2c                arm_core_mpu_enable
 .text.arm_core_mpu_disable
                0x0000000000001e40       0x10 zephyr/arch/arch/arm/core/aarch32/cortex_m/mpu/libarch__arm__core__aarch32__cortex_m__mpu.a(arm_mpu.c.obj)
                0x0000000000001e40                arm_core_mpu_disable
 .text.arm_mpu_init
                0x0000000000001e50       0x5c zephyr/arch/arch/arm/core/aarch32/cortex_m/mpu/libarch__arm__core__aarch32__cortex_m__mpu.a(arm_mpu.c.obj)
 .text.arm_core_mpu_configure_static_mpu_regions
                0x0000000000001eac       0x14 zephyr/arch/arch/arm/core/aarch32/cortex_m/mpu/libarch__arm__core__aarch32__cortex_m__mpu.a(arm_mpu.c.obj)
                0x0000000000001eac                arm_core_mpu_configure_static_mpu_regions
 .text.arm_core_mpu_configure_dynamic_mpu_regions
                0x0000000000001ec0       0x2c zephyr/arch/arch/arm/core/aarch32/cortex_m/mpu/libarch__arm__core__aarch32__cortex_m__mpu.a(arm_mpu.c.obj)
                0x0000000000001ec0                arm_core_mpu_configure_dynamic_mpu_regions
 .text.__stdout_hook_install
                0x0000000000001eec        0xc zephyr/lib/libc/minimal/liblib__libc__minimal.a(stdout_console.c.obj)
                0x0000000000001eec                __stdout_hook_install
 .text.z_impl_zephyr_fputc
                0x0000000000001ef8       0x18 zephyr/lib/libc/minimal/liblib__libc__minimal.a(stdout_console.c.obj)
                0x0000000000001ef8                z_impl_zephyr_fputc
 .text.printf   0x0000000000001f10       0x24 zephyr/lib/libc/minimal/liblib__libc__minimal.a(fprintf.c.obj)
                0x0000000000001f10                printf
 .text.nordicsemi_nrf52_init
                0x0000000000001f34       0x30 zephyr/soc/arm/nordic_nrf/nrf52/libsoc__arm__nordic_nrf__nrf52.a(soc.c.obj)
 .text.sys_arch_reboot
                0x0000000000001f64       0x2c zephyr/soc/arm/nordic_nrf/nrf52/libsoc__arm__nordic_nrf__nrf52.a(soc.c.obj)
                0x0000000000001f64                sys_arch_reboot
 .text.arch_busy_wait
                0x0000000000001f90       0x14 zephyr/soc/arm/nordic_nrf/nrf52/libsoc__arm__nordic_nrf__nrf52.a(soc.c.obj)
                0x0000000000001f90                arch_busy_wait
 .text.adc_context_start_sampling.isra.0
                0x0000000000001fa4       0x20 zephyr/drivers/adc/libdrivers__adc.a(adc_nrfx_saadc.c.obj)
 .text.adc_nrfx_channel_setup
                0x0000000000001fc4       0xd4 zephyr/drivers/adc/libdrivers__adc.a(adc_nrfx_saadc.c.obj)
 .text.saadc_irq_handler
                0x0000000000002098       0xd4 zephyr/drivers/adc/libdrivers__adc.a(adc_nrfx_saadc.c.obj)
 .text.adc_nrfx_read
                0x000000000000216c      0x194 zephyr/drivers/adc/libdrivers__adc.a(adc_nrfx_saadc.c.obj)
 .text.init_saadc
                0x0000000000002300       0x48 zephyr/drivers/adc/libdrivers__adc.a(adc_nrfx_saadc.c.obj)
 .text.gpio_nrfx_init
                0x0000000000002348       0x30 zephyr/drivers/gpio/libdrivers__gpio.a(gpio_nrfx.c.obj)
 .text.gpio_nrfx_config
                0x0000000000002378       0xb8 zephyr/drivers/gpio/libdrivers__gpio.a(gpio_nrfx.c.obj)
 .text.gpio_nrfx_pin_interrupt_configure
                0x0000000000002430      0x1d0 zephyr/drivers/gpio/libdrivers__gpio.a(gpio_nrfx.c.obj)
 .text.gpiote_event_handler
                0x0000000000002600      0x114 zephyr/drivers/gpio/libdrivers__gpio.a(gpio_nrfx.c.obj)
 .text.uarte_nrfx_configure
                0x0000000000002714      0x160 zephyr/drivers/serial/libdrivers__serial.a(uart_nrfx_uarte.c.obj)
 .text.uarte_nrfx_poll_out
                0x0000000000002874       0xb8 zephyr/drivers/serial/libdrivers__serial.a(uart_nrfx_uarte.c.obj)
 .text.uarte_0_init
                0x000000000000292c       0xf8 zephyr/drivers/serial/libdrivers__serial.a(uart_nrfx_uarte.c.obj)
 .text.nrf52_errata_12
                0x0000000000002a24       0x1c modules/nordic/lib..__modules__hal__nordic.a(system_nrf52.c.obj)
 .text.nrf52_errata_16
                0x0000000000002a40       0x2c modules/nordic/lib..__modules__hal__nordic.a(system_nrf52.c.obj)
 .text.nvmc_wait
                0x0000000000002a6c       0x10 modules/nordic/lib..__modules__hal__nordic.a(system_nrf52.c.obj)
                0x0000000000002a6c                nvmc_wait
 .text.SystemInit
                0x0000000000002a7c      0x244 modules/nordic/lib..__modules__hal__nordic.a(system_nrf52.c.obj)
                0x0000000000002a7c                SystemInit
 .text.nrfx_clock_init
                0x0000000000002cc0       0x20 modules/nordic/lib..__modules__hal__nordic.a(nrfx_clock.c.obj)
                0x0000000000002cc0                nrfx_clock_init
 .text.nrfx_clock_start
                0x0000000000002ce0       0x98 modules/nordic/lib..__modules__hal__nordic.a(nrfx_clock.c.obj)
                0x0000000000002ce0                nrfx_clock_start
 .text.nrfx_clock_stop
                0x0000000000002d78       0x8c modules/nordic/lib..__modules__hal__nordic.a(nrfx_clock.c.obj)
                0x0000000000002d78                nrfx_clock_stop
 .text.nrfx_power_clock_irq_handler
                0x0000000000002e04       0x68 modules/nordic/lib..__modules__hal__nordic.a(nrfx_clock.c.obj)
                0x0000000000002e04                nrfx_power_clock_irq_handler
 .text.nrfx_ppi_channel_alloc
                0x0000000000002e6c       0x68 modules/nordic/lib..__modules__hal__nordic.a(nrfx_ppi.c.obj)
                0x0000000000002e6c                nrfx_ppi_channel_alloc
 .text.z_sys_init_run_level
                0x0000000000002ed4       0x50 zephyr/kernel/libkernel.a(device.c.obj)
                0x0000000000002ed4                z_sys_init_run_level
 .text.z_device_ready
                0x0000000000002f24       0x2c zephyr/kernel/libkernel.a(device.c.obj)
                0x0000000000002f24                z_device_ready
 .text.z_impl_device_get_binding
                0x0000000000002f50       0x50 zephyr/kernel/libkernel.a(device.c.obj)
                0x0000000000002f50                z_impl_device_get_binding
 .text.idle     0x0000000000002fa0       0x78 zephyr/kernel/libkernel.a(idle.c.obj)
                0x0000000000002fa0                idle
 .text.z_bss_zero
                0x0000000000003018       0x14 zephyr/kernel/libkernel.a(init.c.obj)
                0x0000000000003018                z_bss_zero
 .text.z_data_copy
                0x000000000000302c       0x34 zephyr/kernel/libkernel.a(init.c.obj)
                0x000000000000302c                z_data_copy
 .text.bg_thread_main
                0x0000000000003060       0x48 zephyr/kernel/libkernel.a(init.c.obj)
 .text.z_cstart
                0x00000000000030a8      0x104 zephyr/kernel/libkernel.a(init.c.obj)
                0x00000000000030a8                z_cstart
 .text.z_reset_time_slice
                0x00000000000031ac       0x2c zephyr/kernel/libkernel.a(sched.c.obj)
                0x00000000000031ac                z_reset_time_slice
 .text.k_sched_time_slice_set
                0x00000000000031d8       0x58 zephyr/kernel/libkernel.a(sched.c.obj)
                0x00000000000031d8                k_sched_time_slice_set
 .text.z_reschedule
                0x0000000000003230       0x24 zephyr/kernel/libkernel.a(sched.c.obj)
                0x0000000000003230                z_reschedule
 .text.k_sched_lock
                0x0000000000003254       0x28 zephyr/kernel/libkernel.a(sched.c.obj)
                0x0000000000003254                k_sched_lock
 .text.z_priq_dumb_remove
                0x000000000000327c       0x2c zephyr/kernel/libkernel.a(sched.c.obj)
                0x000000000000327c                z_priq_dumb_remove
 .text.update_cache
                0x00000000000032a8       0x50 zephyr/kernel/libkernel.a(sched.c.obj)
 .text.k_sched_unlock
                0x00000000000032f8       0x38 zephyr/kernel/libkernel.a(sched.c.obj)
                0x00000000000032f8                k_sched_unlock
 .text.ready_thread
                0x0000000000003330       0x70 zephyr/kernel/libkernel.a(sched.c.obj)
 .text.z_sched_start
                0x00000000000033a0       0x3c zephyr/kernel/libkernel.a(sched.c.obj)
                0x00000000000033a0                z_sched_start
 .text.move_thread_to_end_of_prio_q
                0x00000000000033dc       0x74 zephyr/kernel/libkernel.a(sched.c.obj)
 .text.z_time_slice
                0x0000000000003450       0x84 zephyr/kernel/libkernel.a(sched.c.obj)
                0x0000000000003450                z_time_slice
 .text.z_impl_k_thread_suspend
                0x00000000000034d4       0x68 zephyr/kernel/libkernel.a(sched.c.obj)
                0x00000000000034d4                z_impl_k_thread_suspend
 .text.z_thread_single_abort
                0x000000000000353c      0x104 zephyr/kernel/libkernel.a(sched.c.obj)
                0x000000000000353c                z_thread_single_abort
 .text.unready_thread
                0x0000000000003640       0x34 zephyr/kernel/libkernel.a(sched.c.obj)
 .text.pend     0x0000000000003674       0x4c zephyr/kernel/libkernel.a(sched.c.obj)
 .text.z_pend_curr
                0x00000000000036c0       0x28 zephyr/kernel/libkernel.a(sched.c.obj)
                0x00000000000036c0                z_pend_curr
 .text.z_tick_sleep.part.0
                0x00000000000036e8       0x5c zephyr/kernel/libkernel.a(sched.c.obj)
 .text.z_sched_init
                0x0000000000003744       0x18 zephyr/kernel/libkernel.a(sched.c.obj)
                0x0000000000003744                z_sched_init
 .text.z_impl_k_yield
                0x000000000000375c       0x9c zephyr/kernel/libkernel.a(sched.c.obj)
                0x000000000000375c                z_impl_k_yield
 .text.z_impl_k_sleep
                0x00000000000037f8       0x40 zephyr/kernel/libkernel.a(sched.c.obj)
                0x00000000000037f8                z_impl_k_sleep
 .text.z_impl_k_current_get
                0x0000000000003838        0xc zephyr/kernel/libkernel.a(sched.c.obj)
                0x0000000000003838                z_impl_k_current_get
 .text.z_impl_k_sem_give
                0x0000000000003844       0x40 zephyr/kernel/libkernel.a(sem.c.obj)
                0x0000000000003844                z_impl_k_sem_give
 .text.z_impl_k_sem_take
                0x0000000000003884       0x54 zephyr/kernel/libkernel.a(sem.c.obj)
                0x0000000000003884                z_impl_k_sem_take
 .text.z_setup_new_thread
                0x00000000000038d8       0x64 zephyr/kernel/libkernel.a(thread.c.obj)
                0x00000000000038d8                z_setup_new_thread
 .text.z_init_static_threads
                0x000000000000393c       0xbc zephyr/kernel/libkernel.a(thread.c.obj)
                0x000000000000393c                z_init_static_threads
 .text.z_self_abort
                0x00000000000039f8       0x28 zephyr/kernel/libkernel.a(thread_abort.c.obj)
                0x00000000000039f8                z_self_abort
 .text.elapsed  0x0000000000003a20       0x14 zephyr/kernel/libkernel.a(timeout.c.obj)
 .text.remove_timeout
                0x0000000000003a34       0x34 zephyr/kernel/libkernel.a(timeout.c.obj)
 .text.next_timeout
                0x0000000000003a68       0x58 zephyr/kernel/libkernel.a(timeout.c.obj)
 .text.z_add_timeout
                0x0000000000003ac0      0x110 zephyr/kernel/libkernel.a(timeout.c.obj)
                0x0000000000003ac0                z_add_timeout
 .text.z_clock_announce
                0x0000000000003bd0       0xd8 zephyr/kernel/libkernel.a(timeout.c.obj)
                0x0000000000003bd0                z_clock_announce
 .text.z_tick_get
                0x0000000000003ca8       0x34 zephyr/kernel/libkernel.a(timeout.c.obj)
                0x0000000000003ca8                z_tick_get
 .text.z_timer_expiration_handler
                0x0000000000003cdc       0x4c zephyr/kernel/libkernel.a(timer.c.obj)
                0x0000000000003cdc                z_timer_expiration_handler
 .text.z_impl_k_timer_start
                0x0000000000003d28       0xb8 zephyr/kernel/libkernel.a(timer.c.obj)
                0x0000000000003d28                z_impl_k_timer_start
 .text.statics_init
                0x0000000000003de0       0x24 zephyr/kernel/libkernel.a(kheap.c.obj)
 .text.sys_notify_validate
                0x0000000000003e04       0x22 zephyr/libzephyr.a(notify.c.obj)
                0x0000000000003e04                sys_notify_validate
 .text.sys_notify_finalize
                0x0000000000003e26       0x1a zephyr/libzephyr.a(notify.c.obj)
                0x0000000000003e26                sys_notify_finalize
 .text.arch_printk_char_out
                0x0000000000003e40        0x4 zephyr/libzephyr.a(printk.c.obj)
                0x0000000000003e40                arch_printk_char_out
 .text.printk   0x0000000000003e44       0x1a zephyr/libzephyr.a(printk.c.obj)
                0x0000000000003e44                printk
 .text.process_recheck
                0x0000000000003e5e       0x38 zephyr/libzephyr.a(onoff.c.obj)
 .text.notify_one
                0x0000000000003e96       0x2c zephyr/libzephyr.a(onoff.c.obj)
 .text.transition_complete
                0x0000000000003ec2       0x1c zephyr/libzephyr.a(onoff.c.obj)
 .text.validate_args
                0x0000000000003ede       0x1e zephyr/libzephyr.a(onoff.c.obj)
 .text.onoff_manager_init
                0x0000000000003efc       0x26 zephyr/libzephyr.a(onoff.c.obj)
                0x0000000000003efc                onoff_manager_init
 .text.onoff_request
                0x0000000000003f22       0x92 zephyr/libzephyr.a(onoff.c.obj)
                0x0000000000003f22                onoff_request
 .text.z_thread_entry
                0x0000000000003fb4       0x14 zephyr/libzephyr.a(thread_entry.c.obj)
                0x0000000000003fb4                z_thread_entry
 .text.chunk_field
                0x0000000000003fc8       0x16 zephyr/libzephyr.a(heap.c.obj)
 .text.chunk_set
                0x0000000000003fde       0x16 zephyr/libzephyr.a(heap.c.obj)
 .text.chunk_size
                0x0000000000003ff4        0xc zephyr/libzephyr.a(heap.c.obj)
 .text.set_chunk_used
                0x0000000000004000       0x30 zephyr/libzephyr.a(heap.c.obj)
 .text.set_chunk_size
                0x0000000000004030        0x8 zephyr/libzephyr.a(heap.c.obj)
 .text.bucket_idx
                0x0000000000004038       0x1a zephyr/libzephyr.a(heap.c.obj)
 .text.free_list_add
                0x0000000000004052       0x8a zephyr/libzephyr.a(heap.c.obj)
 .text.sys_heap_init
                0x00000000000040dc       0xa4 zephyr/libzephyr.a(heap.c.obj)
                0x00000000000040dc                sys_heap_init
 .text.encode_uint
                0x0000000000004180       0x96 zephyr/libzephyr.a(cbprintf_complete.c.obj)
 .text.outs     0x0000000000004216       0x2c zephyr/libzephyr.a(cbprintf_complete.c.obj)
 .text._ConfigAbsSyms
                0x0000000000004242        0x2 zephyr/libzephyr.a(configs.c.obj)
                0x0000000000004242                _ConfigAbsSyms
 .text.get_status
                0x0000000000004244       0x12 zephyr/libzephyr.a(clock_control_nrf.c.obj)
 .text.set_off_state
                0x0000000000004256       0x32 zephyr/libzephyr.a(clock_control_nrf.c.obj)
 .text.set_starting_state
                0x0000000000004288       0x3c zephyr/libzephyr.a(clock_control_nrf.c.obj)
 .text.set_on_state
                0x00000000000042c4       0x26 zephyr/libzephyr.a(clock_control_nrf.c.obj)
 .text.onoff_started_callback
                0x00000000000042ea       0x12 zephyr/libzephyr.a(clock_control_nrf.c.obj)
 .text.blocking_start_callback
                0x00000000000042fc        0x6 zephyr/libzephyr.a(clock_control_nrf.c.obj)
 .text.lfclk_stop
                0x0000000000004302        0x6 zephyr/libzephyr.a(clock_control_nrf.c.obj)
 .text.api_stop
                0x0000000000004308       0x28 zephyr/libzephyr.a(clock_control_nrf.c.obj)
 .text.api_start
                0x0000000000004330       0x36 zephyr/libzephyr.a(clock_control_nrf.c.obj)
 .text.z_clock_isr
                0x0000000000004366        0x2 zephyr/libzephyr.a(sys_clock_init.c.obj)
                0x0000000000004366                z_clock_isr
 .text.z_clock_idle_exit
                0x0000000000004368        0x2 zephyr/libzephyr.a(sys_clock_init.c.obj)
                0x0000000000004368                z_clock_idle_exit
 .text.SEGGER_RTT_Init
                0x000000000000436a        0x4 zephyr/libzephyr.a(SEGGER_RTT.c.obj)
                0x000000000000436a                SEGGER_RTT_Init
 .text.rtt_init
                0x000000000000436e        0xa zephyr/libzephyr.a(SEGGER_RTT_zephyr.c.obj)
 .text.z_irq_spurious
                0x0000000000004378        0x8 zephyr/arch/arch/arm/core/aarch32/libarch__arm__core__aarch32.a(irq_manage.c.obj)
                0x0000000000004378                z_irq_spurious
 .text.z_arm_fatal_error
                0x0000000000004380        0x4 zephyr/arch/arch/arm/core/aarch32/libarch__arm__core__aarch32.a(fatal.c.obj)
                0x0000000000004380                z_arm_fatal_error
 .text.z_do_kernel_oops
                0x0000000000004384        0x8 zephyr/arch/arch/arm/core/aarch32/libarch__arm__core__aarch32.a(fatal.c.obj)
                0x0000000000004384                z_do_kernel_oops
 .text.z_arm_nmi
                0x000000000000438c        0xe zephyr/arch/arch/arm/core/aarch32/libarch__arm__core__aarch32.a(nmi.c.obj)
                0x000000000000438c                z_arm_nmi
 .text.strcpy   0x000000000000439a       0x14 zephyr/lib/libc/minimal/liblib__libc__minimal.a(string.c.obj)
                0x000000000000439a                strcpy
 .text.strlen   0x00000000000043ae        0xe zephyr/lib/libc/minimal/liblib__libc__minimal.a(string.c.obj)
                0x00000000000043ae                strlen
 .text.strcmp   0x00000000000043bc       0x18 zephyr/lib/libc/minimal/liblib__libc__minimal.a(string.c.obj)
                0x00000000000043bc                strcmp
 .text.memcpy   0x00000000000043d4       0x56 zephyr/lib/libc/minimal/liblib__libc__minimal.a(string.c.obj)
                0x00000000000043d4                memcpy
 .text.memset   0x000000000000442a       0x46 zephyr/lib/libc/minimal/liblib__libc__minimal.a(string.c.obj)
                0x000000000000442a                memset
 .text._stdout_hook_default
                0x0000000000004470        0x6 zephyr/lib/libc/minimal/liblib__libc__minimal.a(stdout_console.c.obj)
 .text.fputc    0x0000000000004476        0x4 zephyr/lib/libc/minimal/liblib__libc__minimal.a(stdout_console.c.obj)
                0x0000000000004476                fputc
 .text.z_platform_init
                0x000000000000447a        0x4 zephyr/soc/arm/nordic_nrf/nrf52/libsoc__arm__nordic_nrf__nrf52.a(soc.c.obj)
                0x000000000000447a                z_platform_init
 .text.adc_context_on_timer_expired
                0x000000000000447e       0x2e zephyr/drivers/adc/libdrivers__adc.a(adc_nrfx_saadc.c.obj)
 .text.nrf_gpio_cfg_sense_set
                0x00000000000044ac       0x1c zephyr/drivers/gpio/libdrivers__gpio.a(gpio_nrfx.c.obj)
 .text.gpio_nrfx_port_get_raw
                0x00000000000044c8        0xe zephyr/drivers/gpio/libdrivers__gpio.a(gpio_nrfx.c.obj)
 .text.gpio_nrfx_port_set_masked_raw
                0x00000000000044d6       0x16 zephyr/drivers/gpio/libdrivers__gpio.a(gpio_nrfx.c.obj)
 .text.gpio_nrfx_port_set_bits_raw
                0x00000000000044ec        0xc zephyr/drivers/gpio/libdrivers__gpio.a(gpio_nrfx.c.obj)
 .text.gpio_nrfx_port_clear_bits_raw
                0x00000000000044f8        0xc zephyr/drivers/gpio/libdrivers__gpio.a(gpio_nrfx.c.obj)
 .text.gpio_nrfx_port_toggle_bits
                0x0000000000004504       0x12 zephyr/drivers/gpio/libdrivers__gpio.a(gpio_nrfx.c.obj)
 .text.gpio_nrfx_manage_callback
                0x0000000000004516       0x56 zephyr/drivers/gpio/libdrivers__gpio.a(gpio_nrfx.c.obj)
 .text.uarte_nrfx_isr_int
                0x000000000000456c       0x40 zephyr/drivers/serial/libdrivers__serial.a(uart_nrfx_uarte.c.obj)
 .text.uarte_nrfx_config_get
                0x00000000000045ac       0x10 zephyr/drivers/serial/libdrivers__serial.a(uart_nrfx_uarte.c.obj)
 .text.uarte_nrfx_err_check
                0x00000000000045bc        0xe zephyr/drivers/serial/libdrivers__serial.a(uart_nrfx_uarte.c.obj)
 .text.is_tx_ready
                0x00000000000045ca       0x1e zephyr/drivers/serial/libdrivers__serial.a(uart_nrfx_uarte.c.obj)
 .text.uarte_nrfx_poll_in
                0x00000000000045e8       0x26 zephyr/drivers/serial/libdrivers__serial.a(uart_nrfx_uarte.c.obj)
 .text.k_sys_fatal_error_handler
                0x000000000000460e        0x8 modules/nrf/lib/fatal_error/lib..__nrf__lib__fatal_error.a(fatal_error.c.obj)
                0x000000000000460e                k_sys_fatal_error_handler
 .text.nrfx_isr
                0x0000000000004616        0x2 modules/nordic/lib..__modules__hal__nordic.a(nrfx_glue.c.obj)
                0x0000000000004616                nrfx_isr
 .text.nrfx_busy_wait
                0x0000000000004618        0x4 modules/nordic/lib..__modules__hal__nordic.a(nrfx_glue.c.obj)
                0x0000000000004618                nrfx_busy_wait
 .text.nrfx_clock_enable
                0x000000000000461c       0x14 modules/nordic/lib..__modules__hal__nordic.a(nrfx_clock.c.obj)
                0x000000000000461c                nrfx_clock_enable
 .text.z_fatal_error
                0x0000000000004630       0x36 zephyr/kernel/libkernel.a(fatal.c.obj)
                0x0000000000004630                z_fatal_error
 .text.z_sys_power_save_idle_exit
                0x0000000000004666        0x4 zephyr/kernel/libkernel.a(idle.c.obj)
                0x0000000000004666                z_sys_power_save_idle_exit
 .text.z_find_first_thread_to_unpend
                0x000000000000466a       0x20 zephyr/kernel/libkernel.a(sched.c.obj)
                0x000000000000466a                z_find_first_thread_to_unpend
 .text.z_unpend_thread_no_timeout
                0x000000000000468a       0x20 zephyr/kernel/libkernel.a(sched.c.obj)
                0x000000000000468a                z_unpend_thread_no_timeout
 .text.z_reschedule_irqlock
                0x00000000000046aa       0x18 zephyr/kernel/libkernel.a(sched.c.obj)
                0x00000000000046aa                z_reschedule_irqlock
 .text.z_reschedule_unlocked
                0x00000000000046c2       0x14 zephyr/kernel/libkernel.a(sched.c.obj)
 .text.unpend_thread_no_timeout
                0x00000000000046d6       0x18 zephyr/kernel/libkernel.a(sched.c.obj)
 .text.z_priq_dumb_best
                0x00000000000046ee       0x14 zephyr/kernel/libkernel.a(sched.c.obj)
                0x00000000000046ee                z_priq_dumb_best
 .text.z_ready_thread
                0x0000000000004702       0x20 zephyr/kernel/libkernel.a(sched.c.obj)
                0x0000000000004702                z_ready_thread
 .text.z_thread_timeout
                0x0000000000004722       0x40 zephyr/kernel/libkernel.a(sched.c.obj)
                0x0000000000004722                z_thread_timeout
 .text.add_to_waitq_locked
                0x0000000000004762       0x56 zephyr/kernel/libkernel.a(sched.c.obj)
 .text.z_unpend_first_thread
                0x00000000000047b8       0x4a zephyr/kernel/libkernel.a(sched.c.obj)
                0x00000000000047b8                z_unpend_first_thread
 .text.k_is_in_isr
                0x0000000000004802        0xc zephyr/kernel/libkernel.a(thread.c.obj)
                0x0000000000004802                k_is_in_isr
 .text.z_impl_k_busy_wait
                0x000000000000480e        0x8 zephyr/kernel/libkernel.a(thread.c.obj)
                0x000000000000480e                z_impl_k_busy_wait
 .text.z_abort_timeout
                0x0000000000004816       0x2c zephyr/kernel/libkernel.a(timeout.c.obj)
                0x0000000000004816                z_abort_timeout
 .text.z_get_next_timeout_expiry
                0x0000000000004842       0x20 zephyr/kernel/libkernel.a(timeout.c.obj)
                0x0000000000004842                z_get_next_timeout_expiry
 .text.z_set_timeout_expiry
                0x0000000000004862       0x34 zephyr/kernel/libkernel.a(timeout.c.obj)
                0x0000000000004862                z_set_timeout_expiry
 .text.z_tick_get_32
                0x0000000000004896        0x8 zephyr/kernel/libkernel.a(timeout.c.obj)
                0x0000000000004896                z_tick_get_32
 .text.z_impl_k_timer_stop
                0x000000000000489e       0x44 zephyr/kernel/libkernel.a(timer.c.obj)
                0x000000000000489e                z_impl_k_timer_stop
 .text.k_heap_init
                0x00000000000048e2       0x10 zephyr/kernel/libkernel.a(kheap.c.obj)
                0x00000000000048e2                k_heap_init
 .text._OffsetAbsSyms
                0x00000000000048f2        0x2 zephyr/CMakeFiles/offsets.dir/arch/arm/core/offsets/offsets.c.obj
                0x00000000000048f2                _OffsetAbsSyms
 *(SORT_BY_ALIGNMENT(.TEXT.*))
 *(SORT_BY_ALIGNMENT(.gnu.linkonce.t.*))
 *(SORT_BY_ALIGNMENT(.glue_7t))
 .glue_7t       0x00000000000048f4        0x0 linker stubs
 *(SORT_BY_ALIGNMENT(.glue_7))
 .glue_7        0x00000000000048f4        0x0 linker stubs
 *(SORT_BY_ALIGNMENT(.vfp11_veneer))
 .vfp11_veneer  0x00000000000048f4        0x0 linker stubs
 *(SORT_BY_ALIGNMENT(.v4_bx))
 .v4_bx         0x00000000000048f4        0x0 linker stubs
                0x00000000000048f4                _image_text_end = .

.ARM.exidx      0x00000000000048f4        0x8
                0x00000000000048f4                __exidx_start = .
 *(SORT_BY_ALIGNMENT(.ARM.exidx*) SORT_BY_ALIGNMENT(gnu.linkonce.armexidx.*))
 .ARM.exidx     0x00000000000048f4        0x8 /opt/gnuarmemb/bin/../lib/gcc/arm-none-eabi/9.2.1/thumb/v7e-m/nofp/libgcc.a(_udivmoddi4.o)
                0x00000000000048fc                __exidx_end = .
                0x00000000000048fc                _image_rodata_start = .

initlevel       0x00000000000048fc       0x50
                0x00000000000048fc                __init_start = .
                0x00000000000048fc                __init_PRE_KERNEL_1_start = .
 *(SORT_BY_NAME(SORT_BY_ALIGNMENT(.init_PRE_KERNEL_1[0-9]*)))
 .init_PRE_KERNEL_10
                0x00000000000048fc        0x8 zephyr/soc/arm/nordic_nrf/nrf52/libsoc__arm__nordic_nrf__nrf52.a(soc.c.obj)
 .init_PRE_KERNEL_130
                0x0000000000004904        0x8 zephyr/libzephyr.a(SEGGER_RTT_zephyr.c.obj)
 .init_PRE_KERNEL_130
                0x000000000000490c        0x8 zephyr/kernel/libkernel.a(kheap.c.obj)
 .init_PRE_KERNEL_140
                0x0000000000004914        0x8 zephyr/arch/arch/arm/core/aarch32/cortex_m/mpu/libarch__arm__core__aarch32__cortex_m__mpu.a(arm_mpu.c.obj)
 .init_PRE_KERNEL_150
                0x000000000000491c        0x8 zephyr/libzephyr.a(clock_control_nrf.c.obj)
 .init_PRE_KERNEL_150
                0x0000000000004924        0x8 zephyr/drivers/serial/libdrivers__serial.a(uart_nrfx_uarte.c.obj)
 .init_PRE_KERNEL_160
                0x000000000000492c        0x8 zephyr/libzephyr.a(uart_console.c.obj)
 *(SORT_BY_NAME(SORT_BY_ALIGNMENT(.init_PRE_KERNEL_1[1-9][0-9]*)))
                0x0000000000004934                __init_PRE_KERNEL_2_start = .
 *(SORT_BY_NAME(SORT_BY_ALIGNMENT(.init_PRE_KERNEL_2[0-9]*)))
 .init_PRE_KERNEL_20
                0x0000000000004934        0x8 zephyr/libzephyr.a(sys_clock_init.c.obj)
 *(SORT_BY_NAME(SORT_BY_ALIGNMENT(.init_PRE_KERNEL_2[1-9][0-9]*)))
                0x000000000000493c                __init_POST_KERNEL_start = .
 *(SORT_BY_NAME(SORT_BY_ALIGNMENT(.init_POST_KERNEL[0-9]*)))
 .init_POST_KERNEL40
                0x000000000000493c        0x8 zephyr/drivers/gpio/libdrivers__gpio.a(gpio_nrfx.c.obj)
 .init_POST_KERNEL50
                0x0000000000004944        0x8 zephyr/drivers/adc/libdrivers__adc.a(adc_nrfx_saadc.c.obj)
 *(SORT_BY_NAME(SORT_BY_ALIGNMENT(.init_POST_KERNEL[1-9][0-9]*)))
                0x000000000000494c                __init_APPLICATION_start = .
 *(SORT_BY_NAME(SORT_BY_ALIGNMENT(.init_APPLICATION[0-9]*)))
 *(SORT_BY_NAME(SORT_BY_ALIGNMENT(.init_APPLICATION[1-9][0-9]*)))
                0x000000000000494c                __init_SMP_start = .
 *(SORT_BY_NAME(SORT_BY_ALIGNMENT(.init_SMP[0-9]*)))
 *(SORT_BY_NAME(SORT_BY_ALIGNMENT(.init_SMP[1-9][0-9]*)))
                0x000000000000494c                __init_end = .

sw_isr_table    0x000000000000494c      0x138
                0x000000000000494c                . = ALIGN (0x0)
 *(SORT_BY_ALIGNMENT(.gnu.linkonce.sw_isr_table*))
 .gnu.linkonce.sw_isr_table*
                0x000000000000494c      0x138 zephyr/CMakeFiles/zephyr_final.dir/isr_tables.c.obj
                0x000000000000494c                _sw_isr_table

initlevel_error
                0x00000000000048fc        0x0
 *(SORT_BY_NAME(SORT_BY_ALIGNMENT(.init_[_A-Z0-9]*)))
                0x0000000000000001                ASSERT ((SIZEOF (initlevel_error) == 0x0), Undefined initialization levels used.)

app_shmem_regions
                0x0000000000004a84        0x0
                0x0000000000004a84                __app_shmem_regions_start = .
 *(SORT_BY_NAME(SORT_BY_ALIGNMENT(.app_regions.*)))
                0x0000000000004a84                __app_shmem_regions_end = .

bt_l2cap_fixed_chan_area
                0x0000000000004a84        0x0
                0x0000000000004a84                _bt_l2cap_fixed_chan_list_start = .
 *(SORT_BY_NAME(SORT_BY_ALIGNMENT(._bt_l2cap_fixed_chan.static.*)))
                0x0000000000004a84                _bt_l2cap_fixed_chan_list_end = .

bt_gatt_service_static_area
                0x0000000000004a84        0x0
                0x0000000000004a84                _bt_gatt_service_static_list_start = .
 *(SORT_BY_NAME(SORT_BY_ALIGNMENT(._bt_gatt_service_static.static.*)))
                0x0000000000004a84                _bt_gatt_service_static_list_end = .

log_const_sections
                0x0000000000004a84        0x0
                0x0000000000004a84                __log_const_start = .
 *(SORT_BY_NAME(SORT_BY_ALIGNMENT(.log_const_*)))
                0x0000000000004a84                __log_const_end = .

log_backends_sections
                0x0000000000004a84        0x0
                0x0000000000004a84                __log_backends_start = .
 *(SORT_BY_ALIGNMENT(._log_backend.*))
                0x0000000000004a84                __log_backends_end = .

shell_area      0x0000000000004a84        0x0
                0x0000000000004a84                _shell_list_start = .
 *(SORT_BY_NAME(SORT_BY_ALIGNMENT(._shell.static.*)))
                0x0000000000004a84                _shell_list_end = .

shell_root_cmds_sections
                0x0000000000004a84        0x0
                0x0000000000004a84                __shell_root_cmds_start = .
 *(SORT_BY_NAME(SORT_BY_ALIGNMENT(.shell_root_cmd_*)))
                0x0000000000004a84                __shell_root_cmds_end = .

font_entry_sections
                0x0000000000004a84        0x0
                0x0000000000004a84                __font_entry_start = .
 *(SORT_BY_NAME(SORT_BY_ALIGNMENT(._cfb_font.*)))
                0x0000000000004a84                __font_entry_end = .

tracing_backend_area
                0x0000000000004a84        0x0
                0x0000000000004a84                _tracing_backend_list_start = .
 *(SORT_BY_NAME(SORT_BY_ALIGNMENT(._tracing_backend.static.*)))
                0x0000000000004a84                _tracing_backend_list_end = .

tdata           0x0000000000004a84        0x0
 *(SORT_BY_ALIGNMENT(.tdata) SORT_BY_ALIGNMENT(.tdata.*) SORT_BY_ALIGNMENT(.gnu.linkonce.td.*))

tbss            0x0000000000004a84        0x0
 *(SORT_BY_ALIGNMENT(.tbss) SORT_BY_ALIGNMENT(.tbss.*) SORT_BY_ALIGNMENT(.gnu.linkonce.tb.*) SORT_BY_ALIGNMENT(.tcommon))
                [!provide]                        PROVIDE (__tdata_start = LOADADDR (tdata))
                [!provide]                        PROVIDE (__tdata_size = SIZEOF (tdata))
                [!provide]                        PROVIDE (__tdata_end = (__tdata_start + __tdata_size))
                [!provide]                        PROVIDE (__tbss_start = LOADADDR (tbss))
                [!provide]                        PROVIDE (__tbss_size = SIZEOF (tbss))
                [!provide]                        PROVIDE (__tbss_end = (__tbss_start + __tbss_size))
                [!provide]                        PROVIDE (__tls_start = __tdata_start)
                [!provide]                        PROVIDE (__tls_end = __tbss_end)
                [!provide]                        PROVIDE (__tls_size = (__tbss_end - __tdata_start))

rodata          0x0000000000004a90      0x298
 *(SORT_BY_ALIGNMENT(.rodata))
 *(SORT_BY_ALIGNMENT(.rodata.*))
 .rodata.delay_machine_code.11449
                0x0000000000004a90        0x6 zephyr/soc/arm/nordic_nrf/nrf52/libsoc__arm__nordic_nrf__nrf52.a(soc.c.obj)
 *fill*         0x0000000000004a96        0x2 
 .rodata.clock_control_api
                0x0000000000004a98       0x14 zephyr/libzephyr.a(clock_control_nrf.c.obj)
 .rodata.config
                0x0000000000004aac       0x10 zephyr/libzephyr.a(clock_control_nrf.c.obj)
 .rodata.transitions.10018
                0x0000000000004abc        0xc zephyr/libzephyr.a(clock_control_nrf.c.obj)
 .rodata.mpu_config
                0x0000000000004ac8        0x8 zephyr/soc/arm/common/cortex_m/libsoc__arm__common__cortex_m.a(arm_mpu_regions.c.obj)
                0x0000000000004ac8                mpu_config
 .rodata.mpu_regions
                0x0000000000004ad0       0x18 zephyr/soc/arm/common/cortex_m/libsoc__arm__common__cortex_m.a(arm_mpu_regions.c.obj)
 .rodata.adc_nrfx_driver_api
                0x0000000000004ae8        0xc zephyr/drivers/adc/libdrivers__adc.a(adc_nrfx_saadc.c.obj)
 .rodata.gpio_nrfx_drv_api_funcs
                0x0000000000004af4       0x24 zephyr/drivers/gpio/libdrivers__gpio.a(gpio_nrfx.c.obj)
 .rodata.gpio_nrfx_p0_cfg
                0x0000000000004b18        0xc zephyr/drivers/gpio/libdrivers__gpio.a(gpio_nrfx.c.obj)
 .rodata.uart_nrfx_uarte_driver_api
                0x0000000000004b24       0x14 zephyr/drivers/serial/libdrivers__serial.a(uart_nrfx_uarte.c.obj)
 .rodata.uarte_0z_config
                0x0000000000004b38        0x8 zephyr/drivers/serial/libdrivers__serial.a(uart_nrfx_uarte.c.obj)
 .rodata.levels.8594
                0x0000000000004b40       0x14 zephyr/kernel/libkernel.a(device.c.obj)
 .rodata._k_neg_eagain
                0x0000000000004b54        0x4 zephyr/kernel/libkernel.a(errno.c.obj)
                0x0000000000004b54                _k_neg_eagain
 .rodata.m_1st_channel_cfg
                0x0000000000004b58        0x8 app/libapp.a(main.c.obj)
 .rodata.main.str1.1
                0x0000000000004b60      0x12a app/libapp.a(main.c.obj)
 .rodata.cbvprintf.str1.1
                0x0000000000004c8a        0x6 zephyr/libzephyr.a(cbprintf_complete.c.obj)
 .rodata.uart_console_init.str1.1
                0x0000000000004c90        0x7 zephyr/libzephyr.a(uart_console.c.obj)
 .rodata.str1.1
                0x0000000000004c97        0x6 zephyr/libzephyr.a(clock_control_nrf.c.obj)
 .rodata.str1.1
                0x0000000000004c9d        0xa zephyr/libzephyr.a(sys_clock_init.c.obj)
 .rodata._DoInit.str1.1
                0x0000000000004ca7       0x14 zephyr/libzephyr.a(SEGGER_RTT.c.obj)
 .rodata.str1.1
                0x0000000000004cbb        0xf zephyr/soc/arm/common/cortex_m/libsoc__arm__common__cortex_m.a(arm_mpu_regions.c.obj)
 .rodata.str1.1
                0x0000000000004cca        0x6 zephyr/drivers/adc/libdrivers__adc.a(adc_nrfx_saadc.c.obj)
 .rodata.str1.1
                0x0000000000004cca        0x7 zephyr/drivers/gpio/libdrivers__gpio.a(gpio_nrfx.c.obj)
 .rodata.str1.1
                0x0000000000004cd1        0x7 zephyr/drivers/serial/libdrivers__serial.a(uart_nrfx_uarte.c.obj)
 .rodata.CSWTCH.14
                0x0000000000004cd1        0x4 modules/nordic/lib..__modules__hal__nordic.a(system_nrf52.c.obj)
 .rodata.CSWTCH.18
                0x0000000000004cd5        0x4 modules/nordic/lib..__modules__hal__nordic.a(system_nrf52.c.obj)
 .rodata.CSWTCH.4
                0x0000000000004cd9        0x4 modules/nordic/lib..__modules__hal__nordic.a(system_nrf52.c.obj)
 .rodata.bg_thread_main.str1.1
                0x0000000000004cdd       0x46 zephyr/kernel/libkernel.a(init.c.obj)
                                         0x47 (size before relaxing)
 .rodata.z_cstart.str1.1
                0x0000000000004d23        0x5 zephyr/kernel/libkernel.a(init.c.obj)
 *(SORT_BY_ALIGNMENT(.gnu.linkonce.r.*))
                0x0000000000004d28                . = ALIGN (0x4)
                0x0000000000004d28                _image_rodata_end = .
                0x0000000000004d40                . = ALIGN (_region_min_align)
                0x0000000000008000                . = ALIGN ((0x1 << LOG2CEIL ((_image_rodata_end - _image_rom_start))))
                0x0000000000008000                _image_rom_end = .
                0x0000000020000000                . = 0x20000000
                0x0000000020000000                . = ALIGN (_region_min_align)
                0x0000000020000000                _image_ram_start = .

.ramfunc        0x0000000020000000        0x0 load address 0x0000000000004d28
                0x0000000020000000                . = ALIGN (_region_min_align)
                0x0000000020000000                . = ALIGN ((0x1 << LOG2CEIL (_ramfunc_ram_size)))
                0x0000000020000000                _ramfunc_ram_start = .
 *(SORT_BY_ALIGNMENT(.ramfunc))
 *(SORT_BY_ALIGNMENT(.ramfunc.*))
                0x0000000020000000                . = ALIGN (_region_min_align)
                0x0000000020000000                . = ALIGN ((0x1 << LOG2CEIL (_ramfunc_ram_size)))
                0x0000000020000000                _ramfunc_ram_end = .
                0x0000000000000000                _ramfunc_ram_size = (_ramfunc_ram_end - _ramfunc_ram_start)
                0x0000000000004d28                _ramfunc_rom_start = LOADADDR (.ramfunc)

datas           0x0000000020000000       0xb4 load address 0x0000000000004d28
                0x0000000020000000                __data_ram_start = .
 *(SORT_BY_ALIGNMENT(.data))
 *(SORT_BY_ALIGNMENT(.data.*))
 .data.m_data   0x0000000020000000       0x90 zephyr/drivers/adc/libdrivers__adc.a(adc_nrfx_saadc.c.obj)
 .data._char_out
                0x0000000020000090        0x4 zephyr/libzephyr.a(printk.c.obj)
                0x0000000020000090                _char_out
 .data._stdout_hook
                0x0000000020000094        0x4 zephyr/lib/libc/minimal/liblib__libc__minimal.a(stdout_console.c.obj)
 .data.uarte_0_data
                0x0000000020000098       0x10 zephyr/drivers/serial/libdrivers__serial.a(uart_nrfx_uarte.c.obj)
 .data.SystemCoreClock
                0x00000000200000a8        0x4 modules/nordic/lib..__modules__hal__nordic.a(system_nrf52.c.obj)
                0x00000000200000a8                SystemCoreClock
 .data.timeout_list
                0x00000000200000ac        0x8 zephyr/kernel/libkernel.a(timeout.c.obj)
 *(SORT_BY_ALIGNMENT(.kernel.*))
                0x0000000000004d28                __data_rom_start = LOADADDR (datas)

devices         0x00000000200000b4       0x54 load address 0x0000000000004ddc
                0x00000000200000b4                __device_start = .
                0x00000000200000b4                __device_PRE_KERNEL_1_start = .
 *(SORT_BY_NAME(SORT_BY_ALIGNMENT(.device_PRE_KERNEL_1[0-9]*)))
 .device_PRE_KERNEL_150
                0x00000000200000b4       0x10 zephyr/libzephyr.a(clock_control_nrf.c.obj)
 .device_PRE_KERNEL_150
                0x00000000200000c4       0x10 zephyr/drivers/serial/libdrivers__serial.a(uart_nrfx_uarte.c.obj)
 *(SORT_BY_NAME(SORT_BY_ALIGNMENT(.device_PRE_KERNEL_1[1-9][0-9]*)))
                0x00000000200000d4                __device_PRE_KERNEL_2_start = .
 *(SORT_BY_NAME(SORT_BY_ALIGNMENT(.device_PRE_KERNEL_2[0-9]*)))
 .device_PRE_KERNEL_20
                0x00000000200000d4       0x10 zephyr/libzephyr.a(sys_clock_init.c.obj)
 *(SORT_BY_NAME(SORT_BY_ALIGNMENT(.device_PRE_KERNEL_2[1-9][0-9]*)))
                0x00000000200000e4                __device_POST_KERNEL_start = .
 *(SORT_BY_NAME(SORT_BY_ALIGNMENT(.device_POST_KERNEL[0-9]*)))
 .device_POST_KERNEL40
                0x00000000200000e4       0x10 zephyr/drivers/gpio/libdrivers__gpio.a(gpio_nrfx.c.obj)
 .device_POST_KERNEL50
                0x00000000200000f4       0x10 zephyr/drivers/adc/libdrivers__adc.a(adc_nrfx_saadc.c.obj)
 *(SORT_BY_NAME(SORT_BY_ALIGNMENT(.device_POST_KERNEL[1-9][0-9]*)))
                0x0000000020000104                __device_APPLICATION_start = .
 *(SORT_BY_NAME(SORT_BY_ALIGNMENT(.device_APPLICATION[0-9]*)))
 *(SORT_BY_NAME(SORT_BY_ALIGNMENT(.device_APPLICATION[1-9][0-9]*)))
                0x0000000020000104                __device_SMP_start = .
 *(SORT_BY_NAME(SORT_BY_ALIGNMENT(.device_SMP[0-9]*)))
 *(SORT_BY_NAME(SORT_BY_ALIGNMENT(.device_SMP[1-9][0-9]*)))
                0x0000000020000104                __device_end = .
 FILL mask 0x00
                0x0000000020000104                __device_init_status_start = .
                0x0000000020000108                . = (. + (((((__device_end - __device_start) / 0x10) + 0x1f) / 0x20) * 0x4))
 *fill*         0x0000000020000104        0x4 00
                0x0000000020000108                __device_init_status_end = .

initshell       0x0000000020000108        0x0 load address 0x0000000000004e30
                0x0000000020000108                __shell_module_start = .
 *(SORT_BY_ALIGNMENT(.shell_module_*))
                0x0000000020000108                __shell_module_end = .
                0x0000000020000108                __shell_cmd_start = .
 *(SORT_BY_ALIGNMENT(.shell_cmd_*))
                0x0000000020000108                __shell_cmd_end = .

log_dynamic_sections
                0x0000000020000108        0x0 load address 0x0000000000004e30
                0x0000000020000108                __log_dynamic_start = .
 *(SORT_BY_NAME(SORT_BY_ALIGNMENT(.log_dynamic_*)))
                0x0000000020000108                __log_dynamic_end = .

_static_thread_data_area
                0x0000000020000108        0x0 load address 0x0000000000004e30
                0x0000000020000108                __static_thread_data_list_start = .
 *(SORT_BY_NAME(SORT_BY_ALIGNMENT(.__static_thread_data.static.*)))
                0x0000000020000108                __static_thread_data_list_end = .

k_timer_area    0x0000000020000108        0x0 load address 0x0000000000004e30
                0x0000000020000108                _k_timer_list_start = .
 *(SORT_BY_NAME(SORT_BY_ALIGNMENT(._k_timer.static.*)))
                0x0000000020000108                _k_timer_list_end = .

k_mem_slab_area
                0x0000000020000108        0x0 load address 0x0000000000004e30
                0x0000000020000108                _k_mem_slab_list_start = .
 *(SORT_BY_NAME(SORT_BY_ALIGNMENT(._k_mem_slab.static.*)))
                0x0000000020000108                _k_mem_slab_list_end = .

k_mem_pool_area
                0x0000000020000108        0x0 load address 0x0000000000004e30
                0x0000000020000108                _k_mem_pool_list_start = .
 *(SORT_BY_NAME(SORT_BY_ALIGNMENT(._k_mem_pool.static.*)))
                0x0000000020000108                _k_mem_pool_list_end = .

k_heap_area     0x0000000020000108        0x0 load address 0x0000000000004e30
                0x0000000020000108                _k_heap_list_start = .
 *(SORT_BY_NAME(SORT_BY_ALIGNMENT(._k_heap.static.*)))
                0x0000000020000108                _k_heap_list_end = .

k_mutex_area    0x0000000020000108        0x0 load address 0x0000000000004e30
                0x0000000020000108                _k_mutex_list_start = .
 *(SORT_BY_NAME(SORT_BY_ALIGNMENT(._k_mutex.static.*)))
                0x0000000020000108                _k_mutex_list_end = .

k_stack_area    0x0000000020000108        0x0 load address 0x0000000000004e30
                0x0000000020000108                _k_stack_list_start = .
 *(SORT_BY_NAME(SORT_BY_ALIGNMENT(._k_stack.static.*)))
                0x0000000020000108                _k_stack_list_end = .

k_msgq_area     0x0000000020000108        0x0 load address 0x0000000000004e30
                0x0000000020000108                _k_msgq_list_start = .
 *(SORT_BY_NAME(SORT_BY_ALIGNMENT(._k_msgq.static.*)))
                0x0000000020000108                _k_msgq_list_end = .

k_mbox_area     0x0000000020000108        0x0 load address 0x0000000000004e30
                0x0000000020000108                _k_mbox_list_start = .
 *(SORT_BY_NAME(SORT_BY_ALIGNMENT(._k_mbox.static.*)))
                0x0000000020000108                _k_mbox_list_end = .

k_pipe_area     0x0000000020000108        0x0 load address 0x0000000000004e30
                0x0000000020000108                _k_pipe_list_start = .
 *(SORT_BY_NAME(SORT_BY_ALIGNMENT(._k_pipe.static.*)))
                0x0000000020000108                _k_pipe_list_end = .

k_sem_area      0x0000000020000108        0x0 load address 0x0000000000004e30
                0x0000000020000108                _k_sem_list_start = .
 *(SORT_BY_NAME(SORT_BY_ALIGNMENT(._k_sem.static.*)))
                0x0000000020000108                _k_sem_list_end = .

k_queue_area    0x0000000020000108        0x0 load address 0x0000000000004e30
                0x0000000020000108                _k_queue_list_start = .
 *(SORT_BY_NAME(SORT_BY_ALIGNMENT(._k_queue.static.*)))
                0x0000000020000108                _k_queue_list_end = .

_net_buf_pool_area
                0x0000000020000108        0x0 load address 0x0000000000004e30
                0x0000000020000108                _net_buf_pool_list = .
 *(SORT_BY_NAME(SORT_BY_ALIGNMENT(._net_buf_pool.static.*)))
                0x0000000020000108                __data_ram_end = .

bss             0x0000000020000108      0x6aa
                0x0000000020000108                . = ALIGN (0x4)
                0x0000000020000108                __bss_start = .
                0x0000000020000108                __kernel_ram_start = .
 *(SORT_BY_ALIGNMENT(.bss))
 *(SORT_BY_ALIGNMENT(.bss.*))
 .bss.z_idle_threads
                0x0000000020000108       0x80 zephyr/kernel/libkernel.a(init.c.obj)
                0x0000000020000108                z_idle_threads
 .bss.z_main_thread
                0x0000000020000188       0x80 zephyr/kernel/libkernel.a(init.c.obj)
                0x0000000020000188                z_main_thread
 .bss.curr_tick
                0x0000000020000208        0x8 zephyr/kernel/libkernel.a(timeout.c.obj)
 .bss.adc_dev   0x0000000020000210        0x4 app/libapp.a(main.c.obj)
                0x0000000020000210                adc_dev
 .bss.uart_console_dev
                0x0000000020000214        0x4 zephyr/libzephyr.a(uart_console.c.obj)
 .bss.cli.9995  0x0000000020000218       0x10 zephyr/libzephyr.a(clock_control_nrf.c.obj)
 .bss.data      0x0000000020000228       0x50 zephyr/libzephyr.a(clock_control_nrf.c.obj)
 .bss.hfclk_users
                0x0000000020000278        0x4 zephyr/libzephyr.a(clock_control_nrf.c.obj)
 .bss.on.9994   0x000000002000027c        0x4 zephyr/libzephyr.a(clock_control_nrf.c.obj)
 .bss.last_count
                0x0000000020000280        0x4 zephyr/libzephyr.a(nrf_rtc_timer.c.obj)
 .bss._SEGGER_RTT
                0x0000000020000284       0xa8 zephyr/libzephyr.a(SEGGER_RTT.c.obj)
                0x0000000020000284                _SEGGER_RTT
 .bss.gpio_nrfx_p0_data
                0x000000002000032c       0x1c zephyr/drivers/gpio/libdrivers__gpio.a(gpio_nrfx.c.obj)
 .bss.gpiote_alloc_mask
                0x0000000020000348        0x4 zephyr/drivers/gpio/libdrivers__gpio.a(gpio_nrfx.c.obj)
 .bss.m_clock_cb
                0x000000002000034c        0x8 modules/nordic/lib..__modules__hal__nordic.a(nrfx_clock.c.obj)
 .bss.m_channels_allocated
                0x0000000020000354        0x4 modules/nordic/lib..__modules__hal__nordic.a(nrfx_ppi.c.obj)
 .bss._kernel   0x0000000020000358       0x34 zephyr/kernel/libkernel.a(sched.c.obj)
                0x0000000020000358                _kernel
 .bss.pending_current
                0x000000002000038c        0x4 zephyr/kernel/libkernel.a(sched.c.obj)
 .bss.slice_max_prio
                0x0000000020000390        0x4 zephyr/kernel/libkernel.a(sched.c.obj)
 .bss.slice_time
                0x0000000020000394        0x4 zephyr/kernel/libkernel.a(sched.c.obj)
 .bss.announce_remaining
                0x0000000020000398        0x4 zephyr/kernel/libkernel.a(timeout.c.obj)
 .bss.m_sample_buffer
                0x000000002000039c        0x2 app/libapp.a(main.c.obj)
 .bss.once.9884
                0x000000002000039e        0x1 zephyr/libzephyr.a(clock_control_nrf.c.obj)
 .bss._acDownBuffer
                0x000000002000039f       0x10 zephyr/libzephyr.a(SEGGER_RTT.c.obj)
 .bss._acUpBuffer
                0x00000000200003af      0x400 zephyr/libzephyr.a(SEGGER_RTT.c.obj)
 .bss.static_regions_num
                0x00000000200007af        0x1 zephyr/arch/arch/arm/core/aarch32/cortex_m/mpu/libarch__arm__core__aarch32__cortex_m__mpu.a(arm_mpu.c.obj)
 .bss.gpio_initialized.9533
                0x00000000200007b0        0x1 zephyr/drivers/gpio/libdrivers__gpio.a(gpio_nrfx.c.obj)
 .bss.z_sys_post_kernel
                0x00000000200007b1        0x1 zephyr/kernel/libkernel.a(init.c.obj)
                0x00000000200007b1                z_sys_post_kernel
 .bss.sched_spinlock
                0x00000000200007b2        0x0 zephyr/kernel/libkernel.a(sched.c.obj)
 .bss.lock      0x00000000200007b2        0x0 zephyr/kernel/libkernel.a(sem.c.obj)
 *(SORT_BY_ALIGNMENT(COMMON))
 *(SORT_BY_ALIGNMENT(.kernel_bss.*))
                0x00000000200007b4                __bss_end = ALIGN (0x4)

noinit          0x00000000200007c0     0x19a0
 *(SORT_BY_ALIGNMENT(.noinit))
 *(SORT_BY_ALIGNMENT(.noinit.*))
 .noinit."WEST_TOPDIR/zephyr/kernel/init.c".2
                0x00000000200007c0     0x1020 zephyr/kernel/libkernel.a(init.c.obj)
                0x00000000200007c0                z_main_stack
 .noinit."WEST_TOPDIR/zephyr/kernel/init.c".3
                0x00000000200017e0      0x160 zephyr/kernel/libkernel.a(init.c.obj)
 .noinit."WEST_TOPDIR/zephyr/kernel/init.c".4
                0x0000000020001940      0x820 zephyr/kernel/libkernel.a(init.c.obj)
                0x0000000020001940                z_interrupt_stacks
 *(SORT_BY_ALIGNMENT(.kernel_noinit.*))
                0x0000000020002160                _image_ram_end = .
                0x0000000020002160                _end = .
                0x0000000020010000                __kernel_ram_end = 0x20010000
                0x000000000000fef8                __kernel_ram_size = (__kernel_ram_end - __kernel_ram_start)

.stab
 *(SORT_BY_ALIGNMENT(.stab))

.stabstr
 *(SORT_BY_ALIGNMENT(.stabstr))

.stab.excl
 *(SORT_BY_ALIGNMENT(.stab.excl))

.stab.exclstr
 *(SORT_BY_ALIGNMENT(.stab.exclstr))

.stab.index
 *(SORT_BY_ALIGNMENT(.stab.index))

.stab.indexstr
 *(SORT_BY_ALIGNMENT(.stab.indexstr))

.gnu.build.attributes
 *(SORT_BY_ALIGNMENT(.gnu.build.attributes) SORT_BY_ALIGNMENT(.gnu.build.attributes.*))

.comment        0x0000000000000000       0x79
 *(SORT_BY_ALIGNMENT(.comment))
 .comment       0x0000000000000000       0x79 zephyr/CMakeFiles/zephyr_final.dir/isr_tables.c.obj
                                         0x7a (size before relaxing)
 .comment       0x0000000000000079       0x7a app/libapp.a(main.c.obj)
 .comment       0x0000000000000079       0x7a zephyr/libzephyr.a(notify.c.obj)
 .comment       0x0000000000000079       0x7a zephyr/libzephyr.a(printk.c.obj)
 .comment       0x0000000000000079       0x7a zephyr/libzephyr.a(onoff.c.obj)
 .comment       0x0000000000000079       0x7a zephyr/libzephyr.a(thread_entry.c.obj)
 .comment       0x0000000000000079       0x7a zephyr/libzephyr.a(heap.c.obj)
 .comment       0x0000000000000079       0x7a zephyr/libzephyr.a(cbprintf_complete.c.obj)
 .comment       0x0000000000000079       0x7a zephyr/libzephyr.a(configs.c.obj)
 .comment       0x0000000000000079       0x7a zephyr/libzephyr.a(uart_console.c.obj)
 .comment       0x0000000000000079       0x7a zephyr/libzephyr.a(clock_control_nrf.c.obj)
 .comment       0x0000000000000079       0x7a zephyr/libzephyr.a(sys_clock_init.c.obj)
 .comment       0x0000000000000079       0x7a zephyr/libzephyr.a(nrf_rtc_timer.c.obj)
 .comment       0x0000000000000079       0x7a zephyr/libzephyr.a(SEGGER_RTT.c.obj)
 .comment       0x0000000000000079       0x7a zephyr/libzephyr.a(SEGGER_RTT_zephyr.c.obj)
 .comment       0x0000000000000079       0x7a zephyr/arch/arch/arm/core/aarch32/libarch__arm__core__aarch32.a(swap.c.obj)
 .comment       0x0000000000000079       0x7a zephyr/arch/arch/arm/core/aarch32/libarch__arm__core__aarch32.a(irq_manage.c.obj)
 .comment       0x0000000000000079       0x7a zephyr/arch/arch/arm/core/aarch32/libarch__arm__core__aarch32.a(thread.c.obj)
 .comment       0x0000000000000079       0x7a zephyr/arch/arch/arm/core/aarch32/libarch__arm__core__aarch32.a(fatal.c.obj)
 .comment       0x0000000000000079       0x7a zephyr/arch/arch/arm/core/aarch32/libarch__arm__core__aarch32.a(nmi.c.obj)
 .comment       0x0000000000000079       0x7a zephyr/arch/arch/arm/core/aarch32/libarch__arm__core__aarch32.a(prep_c.c.obj)
 .comment       0x0000000000000079       0x7a zephyr/arch/arch/arm/core/aarch32/cortex_m/libarch__arm__core__aarch32__cortex_m.a(fault.c.obj)
 .comment       0x0000000000000079       0x7a zephyr/arch/arch/arm/core/aarch32/cortex_m/libarch__arm__core__aarch32__cortex_m.a(irq_init.c.obj)
 .comment       0x0000000000000079       0x7a zephyr/arch/arch/arm/core/aarch32/cortex_m/libarch__arm__core__aarch32__cortex_m.a(thread_abort.c.obj)
 .comment       0x0000000000000079       0x7a zephyr/arch/arch/arm/core/aarch32/cortex_m/mpu/libarch__arm__core__aarch32__cortex_m__mpu.a(arm_core_mpu.c.obj)
 .comment       0x0000000000000079       0x7a zephyr/arch/arch/arm/core/aarch32/cortex_m/mpu/libarch__arm__core__aarch32__cortex_m__mpu.a(arm_mpu.c.obj)
 .comment       0x0000000000000079       0x7a zephyr/lib/libc/minimal/liblib__libc__minimal.a(string.c.obj)
 .comment       0x0000000000000079       0x7a zephyr/lib/libc/minimal/liblib__libc__minimal.a(stdout_console.c.obj)
 .comment       0x0000000000000079       0x7a zephyr/lib/libc/minimal/liblib__libc__minimal.a(fprintf.c.obj)
 .comment       0x0000000000000079       0x7a zephyr/soc/arm/common/cortex_m/libsoc__arm__common__cortex_m.a(arm_mpu_regions.c.obj)
 .comment       0x0000000000000079       0x7a zephyr/soc/arm/nordic_nrf/nrf52/libsoc__arm__nordic_nrf__nrf52.a(soc.c.obj)
 .comment       0x0000000000000079       0x7a zephyr/drivers/adc/libdrivers__adc.a(adc_nrfx_saadc.c.obj)
 .comment       0x0000000000000079       0x7a zephyr/drivers/gpio/libdrivers__gpio.a(gpio_nrfx.c.obj)
 .comment       0x0000000000000079       0x7a zephyr/drivers/serial/libdrivers__serial.a(uart_nrfx_uarte.c.obj)
 .comment       0x0000000000000079       0x7a modules/nrf/lib/fatal_error/lib..__nrf__lib__fatal_error.a(fatal_error.c.obj)
 .comment       0x0000000000000079       0x7a modules/nordic/lib..__modules__hal__nordic.a(system_nrf52.c.obj)
 .comment       0x0000000000000079       0x7a modules/nordic/lib..__modules__hal__nordic.a(nrfx_glue.c.obj)
 .comment       0x0000000000000079       0x7a modules/nordic/lib..__modules__hal__nordic.a(nrfx_clock.c.obj)
 .comment       0x0000000000000079       0x7a modules/nordic/lib..__modules__hal__nordic.a(nrfx_ppi.c.obj)
 .comment       0x0000000000000079       0x7a zephyr/kernel/libkernel.a(device.c.obj)
 .comment       0x0000000000000079       0x7a zephyr/kernel/libkernel.a(errno.c.obj)
 .comment       0x0000000000000079       0x7a zephyr/kernel/libkernel.a(fatal.c.obj)
 .comment       0x0000000000000079       0x7a zephyr/kernel/libkernel.a(idle.c.obj)
 .comment       0x0000000000000079       0x7a zephyr/kernel/libkernel.a(init.c.obj)
 .comment       0x0000000000000079       0x7a zephyr/kernel/libkernel.a(sched.c.obj)
 .comment       0x0000000000000079       0x7a zephyr/kernel/libkernel.a(sem.c.obj)
 .comment       0x0000000000000079       0x7a zephyr/kernel/libkernel.a(thread.c.obj)
 .comment       0x0000000000000079       0x7a zephyr/kernel/libkernel.a(thread_abort.c.obj)
 .comment       0x0000000000000079       0x7a zephyr/kernel/libkernel.a(timeout.c.obj)
 .comment       0x0000000000000079       0x7a zephyr/kernel/libkernel.a(timer.c.obj)
 .comment       0x0000000000000079       0x7a zephyr/kernel/libkernel.a(kheap.c.obj)
 .comment       0x0000000000000079       0x7a zephyr/CMakeFiles/offsets.dir/arch/arm/core/offsets/offsets.c.obj

.debug
 *(SORT_BY_ALIGNMENT(.debug))

.line
 *(SORT_BY_ALIGNMENT(.line))

.debug_srcinfo
 *(SORT_BY_ALIGNMENT(.debug_srcinfo))

.debug_sfnames
 *(SORT_BY_ALIGNMENT(.debug_sfnames))

.debug_aranges  0x0000000000000000     0x1130
 *(SORT_BY_ALIGNMENT(.debug_aranges))
 .debug_aranges
                0x0000000000000000       0x28 zephyr/arch/arch/arm/core/aarch32/libarch__arm__core__aarch32.a(swap_helper.S.obj)
 .debug_aranges
                0x0000000000000028       0x30 zephyr/arch/arch/arm/core/aarch32/libarch__arm__core__aarch32.a(cpu_idle.S.obj)
 .debug_aranges
                0x0000000000000058       0x20 zephyr/arch/arch/arm/core/aarch32/libarch__arm__core__aarch32.a(nmi_on_reset.S.obj)
 .debug_aranges
                0x0000000000000078       0x20 zephyr/arch/arch/arm/core/aarch32/libarch__arm__core__aarch32.a(isr_wrapper.S.obj)
 .debug_aranges
                0x0000000000000098       0x20 zephyr/arch/arch/arm/core/aarch32/cortex_m/libarch__arm__core__aarch32__cortex_m.a(reset.S.obj)
 .debug_aranges
                0x00000000000000b8       0x20 zephyr/arch/arch/arm/core/aarch32/cortex_m/libarch__arm__core__aarch32__cortex_m.a(fault_s.S.obj)
 .debug_aranges
                0x00000000000000d8       0x20 zephyr/arch/arch/arm/core/aarch32/cortex_m/libarch__arm__core__aarch32__cortex_m.a(exc_exit.S.obj)
 .debug_aranges
                0x00000000000000f8       0x18 zephyr/CMakeFiles/zephyr_final.dir/isr_tables.c.obj
 .debug_aranges
                0x0000000000000110       0x20 app/libapp.a(main.c.obj)
 .debug_aranges
                0x0000000000000130       0x28 zephyr/libzephyr.a(notify.c.obj)
 .debug_aranges
                0x0000000000000158       0x68 zephyr/libzephyr.a(printk.c.obj)
 .debug_aranges
                0x00000000000001c0       0x88 zephyr/libzephyr.a(onoff.c.obj)
 .debug_aranges
                0x0000000000000248       0x20 zephyr/libzephyr.a(thread_entry.c.obj)
 .debug_aranges
                0x0000000000000268       0x98 zephyr/libzephyr.a(heap.c.obj)
 .debug_aranges
                0x0000000000000300       0x40 zephyr/libzephyr.a(cbprintf_complete.c.obj)
 .debug_aranges
                0x0000000000000340       0x20 zephyr/libzephyr.a(configs.c.obj)
 .debug_aranges
                0x0000000000000360       0x28 zephyr/libzephyr.a(uart_console.c.obj)
 .debug_aranges
                0x0000000000000388       0xc8 zephyr/libzephyr.a(clock_control_nrf.c.obj)
 .debug_aranges
                0x0000000000000450       0x40 zephyr/libzephyr.a(sys_clock_init.c.obj)
 .debug_aranges
                0x0000000000000490       0x48 zephyr/libzephyr.a(nrf_rtc_timer.c.obj)
 .debug_aranges
                0x00000000000004d8      0x120 zephyr/libzephyr.a(SEGGER_RTT.c.obj)
 .debug_aranges
                0x00000000000005f8       0x20 zephyr/libzephyr.a(SEGGER_RTT_zephyr.c.obj)
 .debug_aranges
                0x0000000000000618       0x20 zephyr/arch/arch/arm/core/aarch32/libarch__arm__core__aarch32.a(swap.c.obj)
 .debug_aranges
                0x0000000000000638       0x48 zephyr/arch/arch/arm/core/aarch32/libarch__arm__core__aarch32.a(irq_manage.c.obj)
 .debug_aranges
                0x0000000000000680       0x30 zephyr/arch/arch/arm/core/aarch32/libarch__arm__core__aarch32.a(thread.c.obj)
 .debug_aranges
                0x00000000000006b0       0x30 zephyr/arch/arch/arm/core/aarch32/libarch__arm__core__aarch32.a(fatal.c.obj)
 .debug_aranges
                0x00000000000006e0       0x20 zephyr/arch/arch/arm/core/aarch32/libarch__arm__core__aarch32.a(nmi.c.obj)
 .debug_aranges
                0x0000000000000700       0x20 zephyr/arch/arch/arm/core/aarch32/libarch__arm__core__aarch32.a(prep_c.c.obj)
 .debug_aranges
                0x0000000000000720       0x40 zephyr/arch/arch/arm/core/aarch32/cortex_m/libarch__arm__core__aarch32__cortex_m.a(fault.c.obj)
 .debug_aranges
                0x0000000000000760       0x20 zephyr/arch/arch/arm/core/aarch32/cortex_m/libarch__arm__core__aarch32__cortex_m.a(irq_init.c.obj)
 .debug_aranges
                0x0000000000000780       0x20 zephyr/arch/arch/arm/core/aarch32/cortex_m/libarch__arm__core__aarch32__cortex_m.a(thread_abort.c.obj)
 .debug_aranges
                0x00000000000007a0       0x28 zephyr/arch/arch/arm/core/aarch32/cortex_m/mpu/libarch__arm__core__aarch32__cortex_m__mpu.a(arm_core_mpu.c.obj)
 .debug_aranges
                0x00000000000007c8       0x48 zephyr/arch/arch/arm/core/aarch32/cortex_m/mpu/libarch__arm__core__aarch32__cortex_m__mpu.a(arm_mpu.c.obj)
 .debug_aranges
                0x0000000000000810       0x98 zephyr/lib/libc/minimal/liblib__libc__minimal.a(string.c.obj)
 .debug_aranges
                0x00000000000008a8       0x58 zephyr/lib/libc/minimal/liblib__libc__minimal.a(stdout_console.c.obj)
 .debug_aranges
                0x0000000000000900       0x38 zephyr/lib/libc/minimal/liblib__libc__minimal.a(fprintf.c.obj)
 .debug_aranges
                0x0000000000000938       0x18 zephyr/soc/arm/common/cortex_m/libsoc__arm__common__cortex_m.a(arm_mpu_regions.c.obj)
 .debug_aranges
                0x0000000000000950       0x38 zephyr/soc/arm/nordic_nrf/nrf52/libsoc__arm__nordic_nrf__nrf52.a(soc.c.obj)
 .debug_aranges
                0x0000000000000988       0x48 zephyr/drivers/adc/libdrivers__adc.a(adc_nrfx_saadc.c.obj)
 .debug_aranges
                0x00000000000009d0       0x70 zephyr/drivers/gpio/libdrivers__gpio.a(gpio_nrfx.c.obj)
 .debug_aranges
                0x0000000000000a40       0x58 zephyr/drivers/serial/libdrivers__serial.a(uart_nrfx_uarte.c.obj)
 .debug_aranges
                0x0000000000000a98       0x20 modules/nrf/lib/fatal_error/lib..__nrf__lib__fatal_error.a(fatal_error.c.obj)
 .debug_aranges
                0x0000000000000ab8       0x48 modules/nordic/lib..__modules__hal__nordic.a(system_nrf52.c.obj)
 .debug_aranges
                0x0000000000000b00       0x30 modules/nordic/lib..__modules__hal__nordic.a(nrfx_glue.c.obj)
 .debug_aranges
                0x0000000000000b30       0x68 modules/nordic/lib..__modules__hal__nordic.a(nrfx_clock.c.obj)
 .debug_aranges
                0x0000000000000b98       0x80 modules/nordic/lib..__modules__hal__nordic.a(nrfx_ppi.c.obj)
 .debug_aranges
                0x0000000000000c18       0x40 zephyr/kernel/libkernel.a(device.c.obj)
 .debug_aranges
                0x0000000000000c58       0x20 zephyr/kernel/libkernel.a(errno.c.obj)
 .debug_aranges
                0x0000000000000c78       0x50 zephyr/kernel/libkernel.a(fatal.c.obj)
 .debug_aranges
                0x0000000000000cc8       0x28 zephyr/kernel/libkernel.a(idle.c.obj)
 .debug_aranges
                0x0000000000000cf0       0x40 zephyr/kernel/libkernel.a(init.c.obj)
 .debug_aranges
                0x0000000000000d30      0x1d0 zephyr/kernel/libkernel.a(sched.c.obj)
 .debug_aranges
                0x0000000000000f00       0x30 zephyr/kernel/libkernel.a(sem.c.obj)
 .debug_aranges
                0x0000000000000f30       0xa0 zephyr/kernel/libkernel.a(thread.c.obj)
 .debug_aranges
                0x0000000000000fd0       0x20 zephyr/kernel/libkernel.a(thread_abort.c.obj)
 .debug_aranges
                0x0000000000000ff0       0x90 zephyr/kernel/libkernel.a(timeout.c.obj)
 .debug_aranges
                0x0000000000001080       0x48 zephyr/kernel/libkernel.a(timer.c.obj)
 .debug_aranges
                0x00000000000010c8       0x48 zephyr/kernel/libkernel.a(kheap.c.obj)
 .debug_aranges
                0x0000000000001110       0x20 zephyr/CMakeFiles/offsets.dir/arch/arm/core/offsets/offsets.c.obj

.debug_pubnames
 *(SORT_BY_ALIGNMENT(.debug_pubnames))

.debug_info     0x0000000000000000    0x41912
 *(SORT_BY_ALIGNMENT(.debug_info) SORT_BY_ALIGNMENT(.gnu.linkonce.wi.*))
 .debug_info    0x0000000000000000      0x1f2 zephyr/CMakeFiles/zephyr_final.dir/isr_tables.c.obj
 .debug_info    0x00000000000001f2     0x1507 app/libapp.a(main.c.obj)
 .debug_info    0x00000000000016f9      0xa1b zephyr/libzephyr.a(notify.c.obj)
 .debug_info    0x0000000000002114      0xcf9 zephyr/libzephyr.a(printk.c.obj)
 .debug_info    0x0000000000002e0d     0x292b zephyr/libzephyr.a(onoff.c.obj)
 .debug_info    0x0000000000005738      0x94e zephyr/libzephyr.a(thread_entry.c.obj)
 .debug_info    0x0000000000006086     0x26dd zephyr/libzephyr.a(heap.c.obj)
 .debug_info    0x0000000000008763     0x1045 zephyr/libzephyr.a(cbprintf_complete.c.obj)
 .debug_info    0x00000000000097a8       0x38 zephyr/libzephyr.a(configs.c.obj)
 .debug_info    0x00000000000097e0      0xcbe zephyr/libzephyr.a(uart_console.c.obj)
 .debug_info    0x000000000000a49e     0x480a zephyr/libzephyr.a(clock_control_nrf.c.obj)
 .debug_info    0x000000000000eca8      0xa65 zephyr/libzephyr.a(sys_clock_init.c.obj)
 .debug_info    0x000000000000f70d     0x1f22 zephyr/libzephyr.a(nrf_rtc_timer.c.obj)
 .debug_info    0x000000000001162f     0x1e8f zephyr/libzephyr.a(SEGGER_RTT.c.obj)
 .debug_info    0x00000000000134be      0xadb zephyr/libzephyr.a(SEGGER_RTT_zephyr.c.obj)
 .debug_info    0x0000000000013f99      0xaa7 zephyr/arch/arch/arm/core/aarch32/libarch__arm__core__aarch32.a(swap.c.obj)
 .debug_info    0x0000000000014a40      0xeda zephyr/arch/arch/arm/core/aarch32/libarch__arm__core__aarch32.a(irq_manage.c.obj)
 .debug_info    0x000000000001591a      0xb9d zephyr/arch/arch/arm/core/aarch32/libarch__arm__core__aarch32.a(thread.c.obj)
 .debug_info    0x00000000000164b7      0xd4e zephyr/arch/arch/arm/core/aarch32/libarch__arm__core__aarch32.a(fatal.c.obj)
 .debug_info    0x0000000000017205      0x848 zephyr/arch/arch/arm/core/aarch32/libarch__arm__core__aarch32.a(nmi.c.obj)
 .debug_info    0x0000000000017a4d      0xd26 zephyr/arch/arch/arm/core/aarch32/libarch__arm__core__aarch32.a(prep_c.c.obj)
 .debug_info    0x0000000000018773       0x22 zephyr/arch/arch/arm/core/aarch32/libarch__arm__core__aarch32.a(swap_helper.S.obj)
 .debug_info    0x0000000000018795       0x22 zephyr/arch/arch/arm/core/aarch32/libarch__arm__core__aarch32.a(cpu_idle.S.obj)
 .debug_info    0x00000000000187b7       0x26 zephyr/arch/arch/arm/core/aarch32/libarch__arm__core__aarch32.a(nmi_on_reset.S.obj)
 .debug_info    0x00000000000187dd       0x26 zephyr/arch/arch/arm/core/aarch32/libarch__arm__core__aarch32.a(isr_wrapper.S.obj)
 .debug_info    0x0000000000018803       0x26 zephyr/arch/arch/arm/core/aarch32/cortex_m/libarch__arm__core__aarch32__cortex_m.a(reset.S.obj)
 .debug_info    0x0000000000018829       0x26 zephyr/arch/arch/arm/core/aarch32/cortex_m/libarch__arm__core__aarch32__cortex_m.a(fault_s.S.obj)
 .debug_info    0x000000000001884f       0x26 zephyr/arch/arch/arm/core/aarch32/cortex_m/libarch__arm__core__aarch32__cortex_m.a(exc_exit.S.obj)
 .debug_info    0x0000000000018875     0x177a zephyr/arch/arch/arm/core/aarch32/cortex_m/libarch__arm__core__aarch32__cortex_m.a(fault.c.obj)
 .debug_info    0x0000000000019fef      0x66d zephyr/arch/arch/arm/core/aarch32/cortex_m/libarch__arm__core__aarch32__cortex_m.a(irq_init.c.obj)
 .debug_info    0x000000000001a65c      0xb7f zephyr/arch/arch/arm/core/aarch32/cortex_m/libarch__arm__core__aarch32__cortex_m.a(thread_abort.c.obj)
 .debug_info    0x000000000001b1db      0xbf8 zephyr/arch/arch/arm/core/aarch32/cortex_m/mpu/libarch__arm__core__aarch32__cortex_m__mpu.a(arm_core_mpu.c.obj)
 .debug_info    0x000000000001bdd3     0x1471 zephyr/arch/arch/arm/core/aarch32/cortex_m/mpu/libarch__arm__core__aarch32__cortex_m__mpu.a(arm_mpu.c.obj)
 .debug_info    0x000000000001d244      0x7bb zephyr/lib/libc/minimal/liblib__libc__minimal.a(string.c.obj)
 .debug_info    0x000000000001d9ff      0x698 zephyr/lib/libc/minimal/liblib__libc__minimal.a(stdout_console.c.obj)
 .debug_info    0x000000000001e097      0x25d zephyr/lib/libc/minimal/liblib__libc__minimal.a(fprintf.c.obj)
 .debug_info    0x000000000001e2f4      0x1f7 zephyr/soc/arm/common/cortex_m/libsoc__arm__common__cortex_m.a(arm_mpu_regions.c.obj)
 .debug_info    0x000000000001e4eb     0x12ef zephyr/soc/arm/nordic_nrf/nrf52/libsoc__arm__nordic_nrf__nrf52.a(soc.c.obj)
 .debug_info    0x000000000001f7da     0x2f72 zephyr/drivers/adc/libdrivers__adc.a(adc_nrfx_saadc.c.obj)
 .debug_info    0x000000000002274c     0x2fe1 zephyr/drivers/gpio/libdrivers__gpio.a(gpio_nrfx.c.obj)
 .debug_info    0x000000000002572d     0x3650 zephyr/drivers/serial/libdrivers__serial.a(uart_nrfx_uarte.c.obj)
 .debug_info    0x0000000000028d7d      0xff8 modules/nrf/lib/fatal_error/lib..__nrf__lib__fatal_error.a(fatal_error.c.obj)
 .debug_info    0x0000000000029d75     0x1428 modules/nordic/lib..__modules__hal__nordic.a(system_nrf52.c.obj)
 .debug_info    0x000000000002b19d      0x9ad modules/nordic/lib..__modules__hal__nordic.a(nrfx_glue.c.obj)
 .debug_info    0x000000000002bb4a     0x198c modules/nordic/lib..__modules__hal__nordic.a(nrfx_clock.c.obj)
 .debug_info    0x000000000002d4d6     0x1c9d modules/nordic/lib..__modules__hal__nordic.a(nrfx_ppi.c.obj)
 .debug_info    0x000000000002f173      0xc92 zephyr/kernel/libkernel.a(device.c.obj)
 .debug_info    0x000000000002fe05      0x8a4 zephyr/kernel/libkernel.a(errno.c.obj)
 .debug_info    0x00000000000306a9     0x143e zephyr/kernel/libkernel.a(fatal.c.obj)
 .debug_info    0x0000000000031ae7      0xd20 zephyr/kernel/libkernel.a(idle.c.obj)
 .debug_info    0x0000000000032807     0x1c4a zephyr/kernel/libkernel.a(init.c.obj)
 .debug_info    0x0000000000034451     0x5b0a zephyr/kernel/libkernel.a(sched.c.obj)
 .debug_info    0x0000000000039f5b      0xe04 zephyr/kernel/libkernel.a(sem.c.obj)
 .debug_info    0x000000000003ad5f     0x1920 zephyr/kernel/libkernel.a(thread.c.obj)
 .debug_info    0x000000000003c67f      0xb3d zephyr/kernel/libkernel.a(thread_abort.c.obj)
 .debug_info    0x000000000003d1bc     0x1c28 zephyr/kernel/libkernel.a(timeout.c.obj)
 .debug_info    0x000000000003ede4     0x12af zephyr/kernel/libkernel.a(timer.c.obj)
 .debug_info    0x0000000000040093     0x1027 zephyr/kernel/libkernel.a(kheap.c.obj)
 .debug_info    0x00000000000410ba      0x858 zephyr/CMakeFiles/offsets.dir/arch/arm/core/offsets/offsets.c.obj

.debug_abbrev   0x0000000000000000     0xafc4
 *(SORT_BY_ALIGNMENT(.debug_abbrev))
 .debug_abbrev  0x0000000000000000      0x102 zephyr/CMakeFiles/zephyr_final.dir/isr_tables.c.obj
 .debug_abbrev  0x0000000000000102      0x400 app/libapp.a(main.c.obj)
 .debug_abbrev  0x0000000000000502      0x257 zephyr/libzephyr.a(notify.c.obj)
 .debug_abbrev  0x0000000000000759      0x329 zephyr/libzephyr.a(printk.c.obj)
 .debug_abbrev  0x0000000000000a82      0x55a zephyr/libzephyr.a(onoff.c.obj)
 .debug_abbrev  0x0000000000000fdc      0x229 zephyr/libzephyr.a(thread_entry.c.obj)
 .debug_abbrev  0x0000000000001205      0x467 zephyr/libzephyr.a(heap.c.obj)
 .debug_abbrev  0x000000000000166c      0x3bc zephyr/libzephyr.a(cbprintf_complete.c.obj)
 .debug_abbrev  0x0000000000001a28       0x2e zephyr/libzephyr.a(configs.c.obj)
 .debug_abbrev  0x0000000000001a56      0x348 zephyr/libzephyr.a(uart_console.c.obj)
 .debug_abbrev  0x0000000000001d9e      0x7f5 zephyr/libzephyr.a(clock_control_nrf.c.obj)
 .debug_abbrev  0x0000000000002593      0x234 zephyr/libzephyr.a(sys_clock_init.c.obj)
 .debug_abbrev  0x00000000000027c7      0x521 zephyr/libzephyr.a(nrf_rtc_timer.c.obj)
 .debug_abbrev  0x0000000000002ce8      0x39b zephyr/libzephyr.a(SEGGER_RTT.c.obj)
 .debug_abbrev  0x0000000000003083      0x1ed zephyr/libzephyr.a(SEGGER_RTT_zephyr.c.obj)
 .debug_abbrev  0x0000000000003270      0x215 zephyr/arch/arch/arm/core/aarch32/libarch__arm__core__aarch32.a(swap.c.obj)
 .debug_abbrev  0x0000000000003485      0x350 zephyr/arch/arch/arm/core/aarch32/libarch__arm__core__aarch32.a(irq_manage.c.obj)
 .debug_abbrev  0x00000000000037d5      0x2b9 zephyr/arch/arch/arm/core/aarch32/libarch__arm__core__aarch32.a(thread.c.obj)
 .debug_abbrev  0x0000000000003a8e      0x338 zephyr/arch/arch/arm/core/aarch32/libarch__arm__core__aarch32.a(fatal.c.obj)
 .debug_abbrev  0x0000000000003dc6      0x19b zephyr/arch/arch/arm/core/aarch32/libarch__arm__core__aarch32.a(nmi.c.obj)
 .debug_abbrev  0x0000000000003f61      0x2b3 zephyr/arch/arch/arm/core/aarch32/libarch__arm__core__aarch32.a(prep_c.c.obj)
 .debug_abbrev  0x0000000000004214       0x12 zephyr/arch/arch/arm/core/aarch32/libarch__arm__core__aarch32.a(swap_helper.S.obj)
 .debug_abbrev  0x0000000000004226       0x12 zephyr/arch/arch/arm/core/aarch32/libarch__arm__core__aarch32.a(cpu_idle.S.obj)
 .debug_abbrev  0x0000000000004238       0x14 zephyr/arch/arch/arm/core/aarch32/libarch__arm__core__aarch32.a(nmi_on_reset.S.obj)
 .debug_abbrev  0x000000000000424c       0x14 zephyr/arch/arch/arm/core/aarch32/libarch__arm__core__aarch32.a(isr_wrapper.S.obj)
 .debug_abbrev  0x0000000000004260       0x14 zephyr/arch/arch/arm/core/aarch32/cortex_m/libarch__arm__core__aarch32__cortex_m.a(reset.S.obj)
 .debug_abbrev  0x0000000000004274       0x14 zephyr/arch/arch/arm/core/aarch32/cortex_m/libarch__arm__core__aarch32__cortex_m.a(fault_s.S.obj)
 .debug_abbrev  0x0000000000004288       0x14 zephyr/arch/arch/arm/core/aarch32/cortex_m/libarch__arm__core__aarch32__cortex_m.a(exc_exit.S.obj)
 .debug_abbrev  0x000000000000429c      0x46c zephyr/arch/arch/arm/core/aarch32/cortex_m/libarch__arm__core__aarch32__cortex_m.a(fault.c.obj)
 .debug_abbrev  0x0000000000004708      0x1e4 zephyr/arch/arch/arm/core/aarch32/cortex_m/libarch__arm__core__aarch32__cortex_m.a(irq_init.c.obj)
 .debug_abbrev  0x00000000000048ec      0x2c0 zephyr/arch/arch/arm/core/aarch32/cortex_m/libarch__arm__core__aarch32__cortex_m.a(thread_abort.c.obj)
 .debug_abbrev  0x0000000000004bac      0x208 zephyr/arch/arch/arm/core/aarch32/cortex_m/mpu/libarch__arm__core__aarch32__cortex_m__mpu.a(arm_core_mpu.c.obj)
 .debug_abbrev  0x0000000000004db4      0x4a1 zephyr/arch/arch/arm/core/aarch32/cortex_m/mpu/libarch__arm__core__aarch32__cortex_m__mpu.a(arm_mpu.c.obj)
 .debug_abbrev  0x0000000000005255      0x191 zephyr/lib/libc/minimal/liblib__libc__minimal.a(string.c.obj)
 .debug_abbrev  0x00000000000053e6      0x25a zephyr/lib/libc/minimal/liblib__libc__minimal.a(stdout_console.c.obj)
 .debug_abbrev  0x0000000000005640      0x13b zephyr/lib/libc/minimal/liblib__libc__minimal.a(fprintf.c.obj)
 .debug_abbrev  0x000000000000577b       0xf1 zephyr/soc/arm/common/cortex_m/libsoc__arm__common__cortex_m.a(arm_mpu_regions.c.obj)
 .debug_abbrev  0x000000000000586c      0x3ef zephyr/soc/arm/nordic_nrf/nrf52/libsoc__arm__nordic_nrf__nrf52.a(soc.c.obj)
 .debug_abbrev  0x0000000000005c5b      0x5a3 zephyr/drivers/adc/libdrivers__adc.a(adc_nrfx_saadc.c.obj)
 .debug_abbrev  0x00000000000061fe      0x579 zephyr/drivers/gpio/libdrivers__gpio.a(gpio_nrfx.c.obj)
 .debug_abbrev  0x0000000000006777      0x581 zephyr/drivers/serial/libdrivers__serial.a(uart_nrfx_uarte.c.obj)
 .debug_abbrev  0x0000000000006cf8      0x269 modules/nrf/lib/fatal_error/lib..__nrf__lib__fatal_error.a(fatal_error.c.obj)
 .debug_abbrev  0x0000000000006f61      0x2f2 modules/nordic/lib..__modules__hal__nordic.a(system_nrf52.c.obj)
 .debug_abbrev  0x0000000000007253      0x244 modules/nordic/lib..__modules__hal__nordic.a(nrfx_glue.c.obj)
 .debug_abbrev  0x0000000000007497      0x4c5 modules/nordic/lib..__modules__hal__nordic.a(nrfx_clock.c.obj)
 .debug_abbrev  0x000000000000795c      0x476 modules/nordic/lib..__modules__hal__nordic.a(nrfx_ppi.c.obj)
 .debug_abbrev  0x0000000000007dd2      0x34a zephyr/kernel/libkernel.a(device.c.obj)
 .debug_abbrev  0x000000000000811c      0x1a0 zephyr/kernel/libkernel.a(errno.c.obj)
 .debug_abbrev  0x00000000000082bc      0x437 zephyr/kernel/libkernel.a(fatal.c.obj)
 .debug_abbrev  0x00000000000086f3      0x349 zephyr/kernel/libkernel.a(idle.c.obj)
 .debug_abbrev  0x0000000000008a3c      0x5ed zephyr/kernel/libkernel.a(init.c.obj)
 .debug_abbrev  0x0000000000009029      0x652 zephyr/kernel/libkernel.a(sched.c.obj)
 .debug_abbrev  0x000000000000967b      0x36e zephyr/kernel/libkernel.a(sem.c.obj)
 .debug_abbrev  0x00000000000099e9      0x555 zephyr/kernel/libkernel.a(thread.c.obj)
 .debug_abbrev  0x0000000000009f3e      0x2e7 zephyr/kernel/libkernel.a(thread_abort.c.obj)
 .debug_abbrev  0x000000000000a225      0x4b5 zephyr/kernel/libkernel.a(timeout.c.obj)
 .debug_abbrev  0x000000000000a6da      0x3d6 zephyr/kernel/libkernel.a(timer.c.obj)
 .debug_abbrev  0x000000000000aab0      0x388 zephyr/kernel/libkernel.a(kheap.c.obj)
 .debug_abbrev  0x000000000000ae38      0x18c zephyr/CMakeFiles/offsets.dir/arch/arm/core/offsets/offsets.c.obj

.debug_line     0x0000000000000000    0x19afc
 *(SORT_BY_ALIGNMENT(.debug_line) SORT_BY_ALIGNMENT(.debug_line.*) SORT_BY_ALIGNMENT(.debug_line_end))
 .debug_line    0x0000000000000000      0x1c2 zephyr/CMakeFiles/zephyr_final.dir/isr_tables.c.obj
 .debug_line    0x00000000000001c2      0x576 app/libapp.a(main.c.obj)
 .debug_line    0x0000000000000738      0x3aa zephyr/libzephyr.a(notify.c.obj)
 .debug_line    0x0000000000000ae2      0x51e zephyr/libzephyr.a(printk.c.obj)
 .debug_line    0x0000000000001000     0x12a4 zephyr/libzephyr.a(onoff.c.obj)
 .debug_line    0x00000000000022a4      0x38b zephyr/libzephyr.a(thread_entry.c.obj)
 .debug_line    0x000000000000262f      0xdd7 zephyr/libzephyr.a(heap.c.obj)
 .debug_line    0x0000000000003406      0xc6d zephyr/libzephyr.a(cbprintf_complete.c.obj)
 .debug_line    0x0000000000004073      0x172 zephyr/libzephyr.a(configs.c.obj)
 .debug_line    0x00000000000041e5      0x43a zephyr/libzephyr.a(uart_console.c.obj)
 .debug_line    0x000000000000461f     0x12ac zephyr/libzephyr.a(clock_control_nrf.c.obj)
 .debug_line    0x00000000000058cb      0x35a zephyr/libzephyr.a(sys_clock_init.c.obj)
 .debug_line    0x0000000000005c25      0xd27 zephyr/libzephyr.a(nrf_rtc_timer.c.obj)
 .debug_line    0x000000000000694c     0x1343 zephyr/libzephyr.a(SEGGER_RTT.c.obj)
 .debug_line    0x0000000000007c8f      0x32a zephyr/libzephyr.a(SEGGER_RTT_zephyr.c.obj)
 .debug_line    0x0000000000007fb9      0x3c6 zephyr/arch/arch/arm/core/aarch32/libarch__arm__core__aarch32.a(swap.c.obj)
 .debug_line    0x000000000000837f      0x483 zephyr/arch/arch/arm/core/aarch32/libarch__arm__core__aarch32.a(irq_manage.c.obj)
 .debug_line    0x0000000000008802      0x4be zephyr/arch/arch/arm/core/aarch32/libarch__arm__core__aarch32.a(thread.c.obj)
 .debug_line    0x0000000000008cc0      0x3c1 zephyr/arch/arch/arm/core/aarch32/libarch__arm__core__aarch32.a(fatal.c.obj)
 .debug_line    0x0000000000009081      0x2fd zephyr/arch/arch/arm/core/aarch32/libarch__arm__core__aarch32.a(nmi.c.obj)
 .debug_line    0x000000000000937e      0x459 zephyr/arch/arch/arm/core/aarch32/libarch__arm__core__aarch32.a(prep_c.c.obj)
 .debug_line    0x00000000000097d7       0xc0 zephyr/arch/arch/arm/core/aarch32/libarch__arm__core__aarch32.a(swap_helper.S.obj)
 .debug_line    0x0000000000009897       0x9f zephyr/arch/arch/arm/core/aarch32/libarch__arm__core__aarch32.a(cpu_idle.S.obj)